2025-02-26 00:43:37,604 - INFO - ✅ 노드 데이터 로드 완료!
2025-02-26 00:43:58,610 - INFO - ✅ 도로 링크 데이터 로드 완료!
2025-02-26 00:44:00,354 - INFO - 📌 / 경로에 접근됨 (map.html 렌더링)
2025-02-26 00:44:01,469 - INFO - 📡 서울시 ITS API에서 교통 데이터 요청 중...
2025-02-26 00:44:05,408 - WARNING - 🚨 링크 1000008301의 도로 정보 없음 (무시됨)
2025-02-26 00:44:05,408 - WARNING - 🚨 링크 1000008302의 도로 정보 없음 (무시됨)
2025-02-26 00:44:05,409 - WARNING - 🚨 링크 1000008304의 도로 정보 없음 (무시됨)
2025-02-26 00:44:05,409 - WARNING - 🚨 링크 1000008401의 도로 정보 없음 (무시됨)
2025-02-26 00:44:05,409 - WARNING - 🚨 링크 1000008406의 도로 정보 없음 (무시됨)
2025-02-26 00:44:05,410 - WARNING - 🚨 링크 1000011900의 도로 정보 없음 (무시됨)
2025-02-26 00:44:05,410 - WARNING - 🚨 링크 1000012002의 도로 정보 없음 (무시됨)
2025-02-26 00:44:05,411 - WARNING - 🚨 링크 1000013301의 도로 정보 없음 (무시됨)
2025-02-26 00:44:05,411 - WARNING - 🚨 링크 1000013401의 도로 정보 없음 (무시됨)
2025-02-26 00:44:05,411 - WARNING - 🚨 링크 1000013402의 도로 정보 없음 (무시됨)
2025-02-26 00:44:05,412 - WARNING - 🚨 링크 1000015501의 도로 정보 없음 (무시됨)
2025-02-26 00:44:05,412 - WARNING - 🚨 링크 1000015502의 도로 정보 없음 (무시됨)
2025-02-26 00:44:05,413 - WARNING - 🚨 링크 1000024000의 도로 정보 없음 (무시됨)
2025-02-26 00:44:05,413 - WARNING - 🚨 링크 1000024300의 도로 정보 없음 (무시됨)
2025-02-26 00:44:05,413 - WARNING - 🚨 링크 1000026700의 도로 정보 없음 (무시됨)
2025-02-26 00:44:05,414 - WARNING - 🚨 링크 1000026800의 도로 정보 없음 (무시됨)
2025-02-26 00:44:05,414 - WARNING - 🚨 링크 1000033600의 도로 정보 없음 (무시됨)
2025-02-26 00:44:05,415 - WARNING - 🚨 링크 1000035600의 도로 정보 없음 (무시됨)
2025-02-26 00:44:05,417 - WARNING - 🚨 링크 1010023300의 도로 정보 없음 (무시됨)
2025-02-26 00:44:05,418 - WARNING - 🚨 링크 1010024100의 도로 정보 없음 (무시됨)
2025-02-26 00:44:05,420 - WARNING - 🚨 링크 1010053500의 도로 정보 없음 (무시됨)
2025-02-26 00:44:05,420 - WARNING - 🚨 링크 1010054100의 도로 정보 없음 (무시됨)
2025-02-26 00:44:05,437 - WARNING - 🚨 링크 1070016101의 도로 정보 없음 (무시됨)
2025-02-26 00:44:05,442 - WARNING - 🚨 링크 1090000504의 도로 정보 없음 (무시됨)
2025-02-26 00:44:05,442 - WARNING - 🚨 링크 1090000604의 도로 정보 없음 (무시됨)
2025-02-26 00:44:05,445 - WARNING - 🚨 링크 1090046800의 도로 정보 없음 (무시됨)
2025-02-26 00:44:05,445 - WARNING - 🚨 링크 1090046900의 도로 정보 없음 (무시됨)
2025-02-26 00:44:05,446 - WARNING - 🚨 링크 1100001902의 도로 정보 없음 (무시됨)
2025-02-26 00:44:05,446 - WARNING - 🚨 링크 1100001921의 도로 정보 없음 (무시됨)
2025-02-26 00:44:05,446 - WARNING - 🚨 링크 1100002011의 도로 정보 없음 (무시됨)
2025-02-26 00:44:05,447 - WARNING - 🚨 링크 1100002021의 도로 정보 없음 (무시됨)
2025-02-26 00:44:05,447 - WARNING - 🚨 링크 1100003701의 도로 정보 없음 (무시됨)
2025-02-26 00:44:05,447 - WARNING - 🚨 링크 1100004101의 도로 정보 없음 (무시됨)
2025-02-26 00:44:05,448 - WARNING - 🚨 링크 1100004102의 도로 정보 없음 (무시됨)
2025-02-26 00:44:05,448 - WARNING - 🚨 링크 1100004900의 도로 정보 없음 (무시됨)
2025-02-26 00:44:05,448 - WARNING - 🚨 링크 1100005402의 도로 정보 없음 (무시됨)
2025-02-26 00:44:05,449 - WARNING - 🚨 링크 1100006302의 도로 정보 없음 (무시됨)
2025-02-26 00:44:05,449 - WARNING - 🚨 링크 1100006402의 도로 정보 없음 (무시됨)
2025-02-26 00:44:05,453 - WARNING - 🚨 링크 1100062200의 도로 정보 없음 (무시됨)
2025-02-26 00:44:05,455 - WARNING - 🚨 링크 1100067800의 도로 정보 없음 (무시됨)
2025-02-26 00:44:05,456 - WARNING - 🚨 링크 1100077200의 도로 정보 없음 (무시됨)
2025-02-26 00:44:05,461 - WARNING - 🚨 링크 1130004303의 도로 정보 없음 (무시됨)
2025-02-26 00:44:05,462 - WARNING - 🚨 링크 1130004500의 도로 정보 없음 (무시됨)
2025-02-26 00:44:05,462 - WARNING - 🚨 링크 1130004600의 도로 정보 없음 (무시됨)
2025-02-26 00:44:05,463 - WARNING - 🚨 링크 1130006301의 도로 정보 없음 (무시됨)
2025-02-26 00:44:05,463 - WARNING - 🚨 링크 1130006401의 도로 정보 없음 (무시됨)
2025-02-26 00:44:05,464 - WARNING - 🚨 링크 1130014702의 도로 정보 없음 (무시됨)
2025-02-26 00:44:05,464 - WARNING - 🚨 링크 1130014802의 도로 정보 없음 (무시됨)
2025-02-26 00:44:05,465 - WARNING - 🚨 링크 1130022102의 도로 정보 없음 (무시됨)
2025-02-26 00:44:05,465 - WARNING - 🚨 링크 1130022203의 도로 정보 없음 (무시됨)
2025-02-26 00:44:05,466 - WARNING - 🚨 링크 1130049400의 도로 정보 없음 (무시됨)
2025-02-26 00:44:05,467 - WARNING - 🚨 링크 1130049500의 도로 정보 없음 (무시됨)
2025-02-26 00:44:05,468 - WARNING - 🚨 링크 1130054300의 도로 정보 없음 (무시됨)
2025-02-26 00:44:05,468 - WARNING - 🚨 링크 1130054400의 도로 정보 없음 (무시됨)
2025-02-26 00:44:05,469 - WARNING - 🚨 링크 1130059200의 도로 정보 없음 (무시됨)
2025-02-26 00:44:05,472 - WARNING - 🚨 링크 1140022202의 도로 정보 없음 (무시됨)
2025-02-26 00:44:05,473 - WARNING - 🚨 링크 1140039902의 도로 정보 없음 (무시됨)
2025-02-26 00:44:05,474 - WARNING - 🚨 링크 1140040001의 도로 정보 없음 (무시됨)
2025-02-26 00:44:05,474 - WARNING - 🚨 링크 1140040502의 도로 정보 없음 (무시됨)
2025-02-26 00:44:05,474 - WARNING - 🚨 링크 1140041001의 도로 정보 없음 (무시됨)
2025-02-26 00:44:05,475 - WARNING - 🚨 링크 1140041002의 도로 정보 없음 (무시됨)
2025-02-26 00:44:05,475 - WARNING - 🚨 링크 1140041101의 도로 정보 없음 (무시됨)
2025-02-26 00:44:05,475 - WARNING - 🚨 링크 1140041102의 도로 정보 없음 (무시됨)
2025-02-26 00:44:05,476 - WARNING - 🚨 링크 1140052800의 도로 정보 없음 (무시됨)
2025-02-26 00:44:05,476 - WARNING - 🚨 링크 1140052900의 도로 정보 없음 (무시됨)
2025-02-26 00:44:05,478 - WARNING - 🚨 링크 1150007201의 도로 정보 없음 (무시됨)
2025-02-26 00:44:05,481 - WARNING - 🚨 링크 1150102800의 도로 정보 없음 (무시됨)
2025-02-26 00:44:05,482 - WARNING - 🚨 링크 1150104500의 도로 정보 없음 (무시됨)
2025-02-26 00:44:05,483 - WARNING - 🚨 링크 1150104600의 도로 정보 없음 (무시됨)
2025-02-26 00:44:05,483 - WARNING - 🚨 링크 1150105000의 도로 정보 없음 (무시됨)
2025-02-26 00:44:05,484 - WARNING - 🚨 링크 1150111000의 도로 정보 없음 (무시됨)
2025-02-26 00:44:05,491 - WARNING - 🚨 링크 1170001101의 도로 정보 없음 (무시됨)
2025-02-26 00:44:05,492 - WARNING - 🚨 링크 1170001201의 도로 정보 없음 (무시됨)
2025-02-26 00:44:05,493 - WARNING - 🚨 링크 1170015500의 도로 정보 없음 (무시됨)
2025-02-26 00:44:05,494 - WARNING - 🚨 링크 1170015900의 도로 정보 없음 (무시됨)
2025-02-26 00:44:05,494 - WARNING - 🚨 링크 1170016500의 도로 정보 없음 (무시됨)
2025-02-26 00:44:05,494 - WARNING - 🚨 링크 1170017000의 도로 정보 없음 (무시됨)
2025-02-26 00:44:05,494 - WARNING - 🚨 링크 1170018200의 도로 정보 없음 (무시됨)
2025-02-26 00:44:05,495 - WARNING - 🚨 링크 1170019600의 도로 정보 없음 (무시됨)
2025-02-26 00:44:05,495 - WARNING - 🚨 링크 1170022600의 도로 정보 없음 (무시됨)
2025-02-26 00:44:05,495 - WARNING - 🚨 링크 1170022700의 도로 정보 없음 (무시됨)
2025-02-26 00:44:05,496 - WARNING - 🚨 링크 1170024400의 도로 정보 없음 (무시됨)
2025-02-26 00:44:05,496 - WARNING - 🚨 링크 1170024500의 도로 정보 없음 (무시됨)
2025-02-26 00:44:05,496 - WARNING - 🚨 링크 1170025500의 도로 정보 없음 (무시됨)
2025-02-26 00:44:05,496 - WARNING - 🚨 링크 1170025600의 도로 정보 없음 (무시됨)
2025-02-26 00:44:05,497 - WARNING - 🚨 링크 1170025700의 도로 정보 없음 (무시됨)
2025-02-26 00:44:05,498 - WARNING - 🚨 링크 1170043100의 도로 정보 없음 (무시됨)
2025-02-26 00:44:05,498 - WARNING - 🚨 링크 1180002202의 도로 정보 없음 (무시됨)
2025-02-26 00:44:05,499 - WARNING - 🚨 링크 1180002203의 도로 정보 없음 (무시됨)
2025-02-26 00:44:05,499 - WARNING - 🚨 링크 1180002903의 도로 정보 없음 (무시됨)
2025-02-26 00:44:05,499 - WARNING - 🚨 링크 1180003006의 도로 정보 없음 (무시됨)
2025-02-26 00:44:05,500 - WARNING - 🚨 링크 1180004903의 도로 정보 없음 (무시됨)
2025-02-26 00:44:05,500 - WARNING - 🚨 링크 1180005100의 도로 정보 없음 (무시됨)
2025-02-26 00:44:05,503 - WARNING - 🚨 링크 1180035603의 도로 정보 없음 (무시됨)
2025-02-26 00:44:05,504 - WARNING - 🚨 링크 1180037000의 도로 정보 없음 (무시됨)
2025-02-26 00:44:05,506 - WARNING - 🚨 링크 1180076101의 도로 정보 없음 (무시됨)
2025-02-26 00:44:05,507 - WARNING - 🚨 링크 1180087202의 도로 정보 없음 (무시됨)
2025-02-26 00:44:05,508 - WARNING - 🚨 링크 1180097400의 도로 정보 없음 (무시됨)
2025-02-26 00:44:05,508 - WARNING - 🚨 링크 1180097700의 도로 정보 없음 (무시됨)
2025-02-26 00:44:05,510 - WARNING - 🚨 링크 1180117800의 도로 정보 없음 (무시됨)
2025-02-26 00:44:05,510 - WARNING - 🚨 링크 1180117900의 도로 정보 없음 (무시됨)
2025-02-26 00:44:05,510 - WARNING - 🚨 링크 1180120600의 도로 정보 없음 (무시됨)
2025-02-26 00:44:05,511 - WARNING - 🚨 링크 1180132301의 도로 정보 없음 (무시됨)
2025-02-26 00:44:05,512 - WARNING - 🚨 링크 1190001901의 도로 정보 없음 (무시됨)
2025-02-26 00:44:05,513 - WARNING - 🚨 링크 1190002001의 도로 정보 없음 (무시됨)
2025-02-26 00:44:05,517 - WARNING - 🚨 링크 1210007404의 도로 정보 없음 (무시됨)
2025-02-26 00:44:05,518 - WARNING - 🚨 링크 1210007504의 도로 정보 없음 (무시됨)
2025-02-26 00:44:05,522 - WARNING - 🚨 링크 1210161900의 도로 정보 없음 (무시됨)
2025-02-26 00:44:05,523 - WARNING - 🚨 링크 1210162000의 도로 정보 없음 (무시됨)
2025-02-26 00:44:05,524 - WARNING - 🚨 링크 1220004402의 도로 정보 없음 (무시됨)
2025-02-26 00:44:05,525 - WARNING - 🚨 링크 1220006604의 도로 정보 없음 (무시됨)
2025-02-26 00:44:05,525 - WARNING - 🚨 링크 1220006704의 도로 정보 없음 (무시됨)
2025-02-26 00:44:05,529 - WARNING - 🚨 링크 1220048200의 도로 정보 없음 (무시됨)
2025-02-26 00:44:05,530 - WARNING - 🚨 링크 1220048300의 도로 정보 없음 (무시됨)
2025-02-26 00:44:05,535 - WARNING - 🚨 링크 1230005302의 도로 정보 없음 (무시됨)
2025-02-26 00:44:05,536 - WARNING - 🚨 링크 1230005403의 도로 정보 없음 (무시됨)
2025-02-26 00:44:05,539 - WARNING - 🚨 링크 1230038900의 도로 정보 없음 (무시됨)
2025-02-26 00:44:05,539 - WARNING - 🚨 링크 1230039000의 도로 정보 없음 (무시됨)
2025-02-26 00:44:05,540 - WARNING - 🚨 링크 1230049400의 도로 정보 없음 (무시됨)
2025-02-26 00:44:05,540 - WARNING - 🚨 링크 1230049500의 도로 정보 없음 (무시됨)
2025-02-26 00:44:05,541 - WARNING - 🚨 링크 1230089200의 도로 정보 없음 (무시됨)
2025-02-26 00:44:05,542 - WARNING - 🚨 링크 1230090100의 도로 정보 없음 (무시됨)
2025-02-26 00:44:05,543 - WARNING - 🚨 링크 1230429600의 도로 정보 없음 (무시됨)
2025-02-26 00:44:05,544 - WARNING - 🚨 링크 1230429800의 도로 정보 없음 (무시됨)
2025-02-26 00:44:05,544 - WARNING - 🚨 링크 1230429900의 도로 정보 없음 (무시됨)
2025-02-26 00:44:05,544 - WARNING - 🚨 링크 1230433600의 도로 정보 없음 (무시됨)
2025-02-26 00:44:05,545 - WARNING - 🚨 링크 1230440101의 도로 정보 없음 (무시됨)
2025-02-26 00:44:05,545 - WARNING - 🚨 링크 1230440201의 도로 정보 없음 (무시됨)
2025-02-26 00:44:05,546 - WARNING - 🚨 링크 1230440701의 도로 정보 없음 (무시됨)
2025-02-26 00:44:05,546 - WARNING - 🚨 링크 1230440801의 도로 정보 없음 (무시됨)
2025-02-26 00:44:05,546 - WARNING - 🚨 링크 1230441101의 도로 정보 없음 (무시됨)
2025-02-26 00:44:05,546 - WARNING - 🚨 링크 1230441201의 도로 정보 없음 (무시됨)
2025-02-26 00:44:05,547 - WARNING - 🚨 링크 1230441301의 도로 정보 없음 (무시됨)
2025-02-26 00:44:05,547 - WARNING - 🚨 링크 1230441401의 도로 정보 없음 (무시됨)
2025-02-26 00:44:05,548 - WARNING - 🚨 링크 1240002500의 도로 정보 없음 (무시됨)
2025-02-26 00:44:05,549 - WARNING - 🚨 링크 1240002600의 도로 정보 없음 (무시됨)
2025-02-26 00:44:05,549 - WARNING - 🚨 링크 1240002700의 도로 정보 없음 (무시됨)
2025-02-26 00:44:05,549 - WARNING - 🚨 링크 1240002800의 도로 정보 없음 (무시됨)
2025-02-26 00:44:05,549 - WARNING - 🚨 링크 1240002900의 도로 정보 없음 (무시됨)
2025-02-26 00:44:05,670 - WARNING - 🚨 링크 1249000100의 도로 정보 없음 (무시됨)
2025-02-26 00:44:05,671 - WARNING - 🚨 링크 1249000200의 도로 정보 없음 (무시됨)
2025-02-26 00:44:05,671 - WARNING - 🚨 링크 1249000300의 도로 정보 없음 (무시됨)
2025-02-26 00:44:05,671 - WARNING - 🚨 링크 1249000400의 도로 정보 없음 (무시됨)
2025-02-26 00:44:05,671 - WARNING - 🚨 링크 1249000500의 도로 정보 없음 (무시됨)
2025-02-26 00:44:05,672 - WARNING - 🚨 링크 1249002100의 도로 정보 없음 (무시됨)
2025-02-26 00:44:05,672 - WARNING - 🚨 링크 1249002400의 도로 정보 없음 (무시됨)
2025-02-26 00:44:05,672 - WARNING - 🚨 링크 1249003100의 도로 정보 없음 (무시됨)
2025-02-26 00:44:05,672 - WARNING - 🚨 링크 1249003500의 도로 정보 없음 (무시됨)
2025-02-26 00:44:05,673 - WARNING - 🚨 링크 1249003600의 도로 정보 없음 (무시됨)
2025-02-26 00:44:05,673 - WARNING - 🚨 링크 1249003700의 도로 정보 없음 (무시됨)
2025-02-26 00:44:05,673 - WARNING - 🚨 링크 1249004000의 도로 정보 없음 (무시됨)
2025-02-26 00:44:05,673 - WARNING - 🚨 링크 1249004100의 도로 정보 없음 (무시됨)
2025-02-26 00:44:05,674 - WARNING - 🚨 링크 1249004300의 도로 정보 없음 (무시됨)
2025-02-26 00:44:05,674 - WARNING - 🚨 링크 1249004600의 도로 정보 없음 (무시됨)
2025-02-26 00:44:05,674 - WARNING - 🚨 링크 1249005700의 도로 정보 없음 (무시됨)
2025-02-26 00:44:05,680 - WARNING - 🚨 링크 2040004502의 도로 정보 없음 (무시됨)
2025-02-26 00:44:05,681 - WARNING - 🚨 링크 2040004531의 도로 정보 없음 (무시됨)
2025-02-26 00:44:05,681 - WARNING - 🚨 링크 2040004602의 도로 정보 없음 (무시됨)
2025-02-26 00:44:05,681 - WARNING - 🚨 링크 2040004611의 도로 정보 없음 (무시됨)
2025-02-26 00:44:05,682 - WARNING - 🚨 링크 2040038400의 도로 정보 없음 (무시됨)
2025-02-26 00:44:05,683 - WARNING - 🚨 링크 2040038500의 도로 정보 없음 (무시됨)
2025-02-26 00:44:05,683 - WARNING - 🚨 링크 2040038600의 도로 정보 없음 (무시됨)
2025-02-26 00:44:05,683 - WARNING - 🚨 링크 2040038700의 도로 정보 없음 (무시됨)
2025-02-26 00:44:05,684 - WARNING - 🚨 링크 2040046400의 도로 정보 없음 (무시됨)
2025-02-26 00:44:05,684 - WARNING - 🚨 링크 2040046500의 도로 정보 없음 (무시됨)
2025-02-26 00:44:05,685 - WARNING - 🚨 링크 2040388800의 도로 정보 없음 (무시됨)
2025-02-26 00:44:05,686 - WARNING - 🚨 링크 2040388900의 도로 정보 없음 (무시됨)
2025-02-26 00:44:05,687 - WARNING - 🚨 링크 2040417500의 도로 정보 없음 (무시됨)
2025-02-26 00:44:05,688 - WARNING - 🚨 링크 2040417600의 도로 정보 없음 (무시됨)
2025-02-26 00:44:05,688 - WARNING - 🚨 링크 2049000200의 도로 정보 없음 (무시됨)
2025-02-26 00:44:05,689 - WARNING - 🚨 링크 2050002502의 도로 정보 없음 (무시됨)
2025-02-26 00:44:05,689 - WARNING - 🚨 링크 2050002602의 도로 정보 없음 (무시됨)
2025-02-26 00:44:05,689 - WARNING - 🚨 링크 2050003001의 도로 정보 없음 (무시됨)
2025-02-26 00:44:05,689 - WARNING - 🚨 링크 2050004100의 도로 정보 없음 (무시됨)
2025-02-26 00:44:05,690 - WARNING - 🚨 링크 2050004200의 도로 정보 없음 (무시됨)
2025-02-26 00:44:05,691 - WARNING - 🚨 링크 2050030301의 도로 정보 없음 (무시됨)
2025-02-26 00:44:05,691 - WARNING - 🚨 링크 2050030402의 도로 정보 없음 (무시됨)
2025-02-26 00:44:05,691 - WARNING - 🚨 링크 2050033300의 도로 정보 없음 (무시됨)
2025-02-26 00:44:05,692 - WARNING - 🚨 링크 2050033400의 도로 정보 없음 (무시됨)
2025-02-26 00:44:05,693 - WARNING - 🚨 링크 2050036900의 도로 정보 없음 (무시됨)
2025-02-26 00:44:05,693 - WARNING - 🚨 링크 2050037000의 도로 정보 없음 (무시됨)
2025-02-26 00:44:05,693 - WARNING - 🚨 링크 2050038300의 도로 정보 없음 (무시됨)
2025-02-26 00:44:05,693 - WARNING - 🚨 링크 2050038400의 도로 정보 없음 (무시됨)
2025-02-26 00:44:05,694 - WARNING - 🚨 링크 2050055400의 도로 정보 없음 (무시됨)
2025-02-26 00:44:05,694 - WARNING - 🚨 링크 2050055500의 도로 정보 없음 (무시됨)
2025-02-26 00:44:05,695 - WARNING - 🚨 링크 2050200600의 도로 정보 없음 (무시됨)
2025-02-26 00:44:05,695 - WARNING - 🚨 링크 2050200700의 도로 정보 없음 (무시됨)
2025-02-26 00:44:05,695 - WARNING - 🚨 링크 2050204200의 도로 정보 없음 (무시됨)
2025-02-26 00:44:05,696 - WARNING - 🚨 링크 2050204300의 도로 정보 없음 (무시됨)
2025-02-26 00:44:05,696 - WARNING - 🚨 링크 2050212400의 도로 정보 없음 (무시됨)
2025-02-26 00:44:05,697 - WARNING - 🚨 링크 2050212500의 도로 정보 없음 (무시됨)
2025-02-26 00:44:05,697 - WARNING - 🚨 링크 2050212600의 도로 정보 없음 (무시됨)
2025-02-26 00:44:05,697 - WARNING - 🚨 링크 2050212700의 도로 정보 없음 (무시됨)
2025-02-26 00:44:05,698 - WARNING - 🚨 링크 2059000100의 도로 정보 없음 (무시됨)
2025-02-26 00:44:05,698 - WARNING - 🚨 링크 2059000200의 도로 정보 없음 (무시됨)
2025-02-26 00:44:05,698 - WARNING - 🚨 링크 2059000300의 도로 정보 없음 (무시됨)
2025-02-26 00:44:05,698 - WARNING - 🚨 링크 2059000400의 도로 정보 없음 (무시됨)
2025-02-26 00:44:05,698 - WARNING - 🚨 링크 2059000500의 도로 정보 없음 (무시됨)
2025-02-26 00:44:05,699 - WARNING - 🚨 링크 2059000600의 도로 정보 없음 (무시됨)
2025-02-26 00:44:05,699 - WARNING - 🚨 링크 2059000700의 도로 정보 없음 (무시됨)
2025-02-26 00:44:05,699 - WARNING - 🚨 링크 2059000800의 도로 정보 없음 (무시됨)
2025-02-26 00:44:05,699 - WARNING - 🚨 링크 2059000900의 도로 정보 없음 (무시됨)
2025-02-26 00:44:05,700 - WARNING - 🚨 링크 2059001000의 도로 정보 없음 (무시됨)
2025-02-26 00:44:05,700 - WARNING - 🚨 링크 2059001100의 도로 정보 없음 (무시됨)
2025-02-26 00:44:05,700 - WARNING - 🚨 링크 2059001200의 도로 정보 없음 (무시됨)
2025-02-26 00:44:05,700 - WARNING - 🚨 링크 2059001300의 도로 정보 없음 (무시됨)
2025-02-26 00:44:05,701 - WARNING - 🚨 링크 2059001400의 도로 정보 없음 (무시됨)
2025-02-26 00:44:05,702 - WARNING - 🚨 링크 2059001500의 도로 정보 없음 (무시됨)
2025-02-26 00:44:05,702 - WARNING - 🚨 링크 2059001600의 도로 정보 없음 (무시됨)
2025-02-26 00:44:05,705 - WARNING - 🚨 링크 2080060300의 도로 정보 없음 (무시됨)
2025-02-26 00:44:05,706 - WARNING - 🚨 링크 2080060400의 도로 정보 없음 (무시됨)
2025-02-26 00:44:05,706 - WARNING - 🚨 링크 2080153600의 도로 정보 없음 (무시됨)
2025-02-26 00:44:05,707 - WARNING - 🚨 링크 2080153700의 도로 정보 없음 (무시됨)
2025-02-26 00:44:05,710 - WARNING - 🚨 링크 2130056101의 도로 정보 없음 (무시됨)
2025-02-26 00:44:05,710 - WARNING - 🚨 링크 2130056103의 도로 정보 없음 (무시됨)
2025-02-26 00:44:05,711 - WARNING - 🚨 링크 2130056202의 도로 정보 없음 (무시됨)
2025-02-26 00:44:05,711 - WARNING - 🚨 링크 2130056204의 도로 정보 없음 (무시됨)
2025-02-26 00:44:05,712 - WARNING - 🚨 링크 2130399300의 도로 정보 없음 (무시됨)
2025-02-26 00:44:05,713 - WARNING - 🚨 링크 2130399400의 도로 정보 없음 (무시됨)
2025-02-26 00:44:05,714 - WARNING - 🚨 링크 2180017901의 도로 정보 없음 (무시됨)
2025-02-26 00:44:05,714 - WARNING - 🚨 링크 2180017912의 도로 정보 없음 (무시됨)
2025-02-26 00:44:05,715 - WARNING - 🚨 링크 2180018001의 도로 정보 없음 (무시됨)
2025-02-26 00:44:05,715 - WARNING - 🚨 링크 2180018012의 도로 정보 없음 (무시됨)
2025-02-26 00:44:05,715 - WARNING - 🚨 링크 2180020501의 도로 정보 없음 (무시됨)
2025-02-26 00:44:05,715 - WARNING - 🚨 링크 2180020502의 도로 정보 없음 (무시됨)
2025-02-26 00:44:05,716 - WARNING - 🚨 링크 2180020601의 도로 정보 없음 (무시됨)
2025-02-26 00:44:05,716 - WARNING - 🚨 링크 2180020602의 도로 정보 없음 (무시됨)
2025-02-26 00:44:05,716 - WARNING - 🚨 링크 2180020701의 도로 정보 없음 (무시됨)
2025-02-26 00:44:05,717 - WARNING - 🚨 링크 2180020801의 도로 정보 없음 (무시됨)
2025-02-26 00:44:05,721 - WARNING - 🚨 링크 2180099102의 도로 정보 없음 (무시됨)
2025-02-26 00:44:05,722 - WARNING - 🚨 링크 2180099202의 도로 정보 없음 (무시됨)
2025-02-26 00:44:05,723 - WARNING - 🚨 링크 2180108900의 도로 정보 없음 (무시됨)
2025-02-26 00:44:05,723 - WARNING - 🚨 링크 2180109000의 도로 정보 없음 (무시됨)
2025-02-26 00:44:05,724 - WARNING - 🚨 링크 2180142704의 도로 정보 없음 (무시됨)
2025-02-26 00:44:05,725 - WARNING - 🚨 링크 2180142805의 도로 정보 없음 (무시됨)
2025-02-26 00:44:05,725 - WARNING - 🚨 링크 2180143200의 도로 정보 없음 (무시됨)
2025-02-26 00:44:05,725 - WARNING - 🚨 링크 2180143300의 도로 정보 없음 (무시됨)
2025-02-26 00:44:05,725 - WARNING - 🚨 링크 2180147300의 도로 정보 없음 (무시됨)
2025-02-26 00:44:05,727 - WARNING - 🚨 링크 2180251000의 도로 정보 없음 (무시됨)
2025-02-26 00:44:05,727 - WARNING - 🚨 링크 2180251100의 도로 정보 없음 (무시됨)
2025-02-26 00:44:05,728 - WARNING - 🚨 링크 2180319400의 도로 정보 없음 (무시됨)
2025-02-26 00:44:05,728 - WARNING - 🚨 링크 2180327000의 도로 정보 없음 (무시됨)
2025-02-26 00:44:05,729 - WARNING - 🚨 링크 2180327100의 도로 정보 없음 (무시됨)
2025-02-26 00:44:05,729 - WARNING - 🚨 링크 2180327600의 도로 정보 없음 (무시됨)
2025-02-26 00:44:05,729 - WARNING - 🚨 링크 2180327700의 도로 정보 없음 (무시됨)
2025-02-26 00:44:05,731 - WARNING - 🚨 링크 2180374000의 도로 정보 없음 (무시됨)
2025-02-26 00:44:05,731 - WARNING - 🚨 링크 2180382601의 도로 정보 없음 (무시됨)
2025-02-26 00:44:05,732 - WARNING - 🚨 링크 2180387801의 도로 정보 없음 (무시됨)
2025-02-26 00:44:05,732 - WARNING - 🚨 링크 2180387901의 도로 정보 없음 (무시됨)
2025-02-26 00:44:05,732 - WARNING - 🚨 링크 2180388001의 도로 정보 없음 (무시됨)
2025-02-26 00:44:05,733 - WARNING - 🚨 링크 2180388101의 도로 정보 없음 (무시됨)
2025-02-26 00:44:05,733 - WARNING - 🚨 링크 2180388201의 도로 정보 없음 (무시됨)
2025-02-26 00:44:05,733 - WARNING - 🚨 링크 2180388301의 도로 정보 없음 (무시됨)
2025-02-26 00:44:05,733 - WARNING - 🚨 링크 2180388401의 도로 정보 없음 (무시됨)
2025-02-26 00:44:05,734 - WARNING - 🚨 링크 2180389601의 도로 정보 없음 (무시됨)
2025-02-26 00:44:05,734 - WARNING - 🚨 링크 2180389701의 도로 정보 없음 (무시됨)
2025-02-26 00:44:05,735 - WARNING - 🚨 링크 2180390001의 도로 정보 없음 (무시됨)
2025-02-26 00:44:05,735 - WARNING - 🚨 링크 2180390101의 도로 정보 없음 (무시됨)
2025-02-26 00:44:05,736 - WARNING - 🚨 링크 2180390201의 도로 정보 없음 (무시됨)
2025-02-26 00:44:05,736 - WARNING - 🚨 링크 2180390301의 도로 정보 없음 (무시됨)
2025-02-26 00:44:05,737 - WARNING - 🚨 링크 2180390401의 도로 정보 없음 (무시됨)
2025-02-26 00:44:05,737 - WARNING - 🚨 링크 2180390801의 도로 정보 없음 (무시됨)
2025-02-26 00:44:05,738 - WARNING - 🚨 링크 2180390901의 도로 정보 없음 (무시됨)
2025-02-26 00:44:05,743 - WARNING - 🚨 링크 2200000300의 도로 정보 없음 (무시됨)
2025-02-26 00:44:05,743 - WARNING - 🚨 링크 2200000400의 도로 정보 없음 (무시됨)
2025-02-26 00:44:05,743 - WARNING - 🚨 링크 2200000702의 도로 정보 없음 (무시됨)
2025-02-26 00:44:05,744 - WARNING - 🚨 링크 2200000802의 도로 정보 없음 (무시됨)
2025-02-26 00:44:05,744 - WARNING - 🚨 링크 2200007900의 도로 정보 없음 (무시됨)
2025-02-26 00:44:05,744 - WARNING - 🚨 링크 2200008000의 도로 정보 없음 (무시됨)
2025-02-26 00:44:05,745 - WARNING - 🚨 링크 2200008300의 도로 정보 없음 (무시됨)
2025-02-26 00:44:05,745 - WARNING - 🚨 링크 2200008400의 도로 정보 없음 (무시됨)
2025-02-26 00:44:05,745 - WARNING - 🚨 링크 2200009100의 도로 정보 없음 (무시됨)
2025-02-26 00:44:05,745 - WARNING - 🚨 링크 2200009200의 도로 정보 없음 (무시됨)
2025-02-26 00:44:05,745 - WARNING - 🚨 링크 2200009300의 도로 정보 없음 (무시됨)
2025-02-26 00:44:05,746 - WARNING - 🚨 링크 2200009400의 도로 정보 없음 (무시됨)
2025-02-26 00:44:05,746 - WARNING - 🚨 링크 2200009500의 도로 정보 없음 (무시됨)
2025-02-26 00:44:05,746 - WARNING - 🚨 링크 2200009600의 도로 정보 없음 (무시됨)
2025-02-26 00:44:05,746 - WARNING - 🚨 링크 2200009700의 도로 정보 없음 (무시됨)
2025-02-26 00:44:05,747 - WARNING - 🚨 링크 2200009800의 도로 정보 없음 (무시됨)
2025-02-26 00:44:05,747 - WARNING - 🚨 링크 2200010100의 도로 정보 없음 (무시됨)
2025-02-26 00:44:05,747 - WARNING - 🚨 링크 2200010200의 도로 정보 없음 (무시됨)
2025-02-26 00:44:05,747 - WARNING - 🚨 링크 2200010500의 도로 정보 없음 (무시됨)
2025-02-26 00:44:05,748 - WARNING - 🚨 링크 2200010600의 도로 정보 없음 (무시됨)
2025-02-26 00:44:05,748 - WARNING - 🚨 링크 2200010901의 도로 정보 없음 (무시됨)
2025-02-26 00:44:05,748 - WARNING - 🚨 링크 2200011002의 도로 정보 없음 (무시됨)
2025-02-26 00:44:05,754 - WARNING - 🚨 링크 2210114500의 도로 정보 없음 (무시됨)
2025-02-26 00:44:05,755 - WARNING - 🚨 링크 2219000300의 도로 정보 없음 (무시됨)
2025-02-26 00:44:05,755 - WARNING - 🚨 링크 2219000400의 도로 정보 없음 (무시됨)
2025-02-26 00:44:05,755 - WARNING - 🚨 링크 2219000600의 도로 정보 없음 (무시됨)
2025-02-26 00:44:05,755 - WARNING - 🚨 링크 2219000800의 도로 정보 없음 (무시됨)
2025-02-26 00:44:05,756 - WARNING - 🚨 링크 2219000900의 도로 정보 없음 (무시됨)
2025-02-26 00:44:05,757 - WARNING - 🚨 링크 2220032800의 도로 정보 없음 (무시됨)
2025-02-26 00:44:05,758 - WARNING - 🚨 링크 2220032900의 도로 정보 없음 (무시됨)
2025-02-26 00:44:05,758 - WARNING - 🚨 링크 2220033400의 도로 정보 없음 (무시됨)
2025-02-26 00:44:05,758 - WARNING - 🚨 링크 2220033500의 도로 정보 없음 (무시됨)
2025-02-26 00:44:05,758 - WARNING - 🚨 링크 2220035600의 도로 정보 없음 (무시됨)
2025-02-26 00:44:05,758 - WARNING - 🚨 링크 2220035700의 도로 정보 없음 (무시됨)
2025-02-26 00:44:05,759 - WARNING - 🚨 링크 2220037203의 도로 정보 없음 (무시됨)
2025-02-26 00:44:05,759 - WARNING - 🚨 링크 2220037303의 도로 정보 없음 (무시됨)
2025-02-26 00:44:05,760 - WARNING - 🚨 링크 2220078700의 도로 정보 없음 (무시됨)
2025-02-26 00:44:05,761 - WARNING - 🚨 링크 2220078800의 도로 정보 없음 (무시됨)
2025-02-26 00:44:05,763 - WARNING - 🚨 링크 2220178600의 도로 정보 없음 (무시됨)
2025-02-26 00:44:05,763 - WARNING - 🚨 링크 2220178700의 도로 정보 없음 (무시됨)
2025-02-26 00:44:05,764 - WARNING - 🚨 링크 2220182500의 도로 정보 없음 (무시됨)
2025-02-26 00:44:05,764 - WARNING - 🚨 링크 2220182600의 도로 정보 없음 (무시됨)
2025-02-26 00:44:05,764 - WARNING - 🚨 링크 2220182900의 도로 정보 없음 (무시됨)
2025-02-26 00:44:05,764 - WARNING - 🚨 링크 2220183000의 도로 정보 없음 (무시됨)
2025-02-26 00:44:05,765 - WARNING - 🚨 링크 2220216700의 도로 정보 없음 (무시됨)
2025-02-26 00:44:05,766 - WARNING - 🚨 링크 2220216800의 도로 정보 없음 (무시됨)
2025-02-26 00:44:05,766 - WARNING - 🚨 링크 2220216900의 도로 정보 없음 (무시됨)
2025-02-26 00:44:05,766 - WARNING - 🚨 링크 2220217000의 도로 정보 없음 (무시됨)
2025-02-26 00:44:05,768 - WARNING - 🚨 링크 2220250600의 도로 정보 없음 (무시됨)
2025-02-26 00:44:05,768 - WARNING - 🚨 링크 2220251100의 도로 정보 없음 (무시됨)
2025-02-26 00:44:05,769 - WARNING - 🚨 링크 2220251801의 도로 정보 없음 (무시됨)
2025-02-26 00:44:05,769 - WARNING - 🚨 링크 2220251802의 도로 정보 없음 (무시됨)
2025-02-26 00:44:05,769 - WARNING - 🚨 링크 2220251901의 도로 정보 없음 (무시됨)
2025-02-26 00:44:05,770 - WARNING - 🚨 링크 2220251902의 도로 정보 없음 (무시됨)
2025-02-26 00:44:05,770 - WARNING - 🚨 링크 2220256500의 도로 정보 없음 (무시됨)
2025-02-26 00:44:05,770 - WARNING - 🚨 링크 2220256600의 도로 정보 없음 (무시됨)
2025-02-26 00:44:05,771 - WARNING - 🚨 링크 2220257400의 도로 정보 없음 (무시됨)
2025-02-26 00:44:05,771 - WARNING - 🚨 링크 2220257500의 도로 정보 없음 (무시됨)
2025-02-26 00:44:05,771 - WARNING - 🚨 링크 2220257700의 도로 정보 없음 (무시됨)
2025-02-26 00:44:05,774 - WARNING - 🚨 링크 2220497400의 도로 정보 없음 (무시됨)
2025-02-26 00:44:05,774 - WARNING - 🚨 링크 2220497500의 도로 정보 없음 (무시됨)
2025-02-26 00:44:05,775 - WARNING - 🚨 링크 2220498501의 도로 정보 없음 (무시됨)
2025-02-26 00:44:05,775 - WARNING - 🚨 링크 2220498902의 도로 정보 없음 (무시됨)
2025-02-26 00:44:05,775 - WARNING - 🚨 링크 2220656900의 도로 정보 없음 (무시됨)
2025-02-26 00:44:05,776 - WARNING - 🚨 링크 2220657000의 도로 정보 없음 (무시됨)
2025-02-26 00:44:05,776 - WARNING - 🚨 링크 2220683900의 도로 정보 없음 (무시됨)
2025-02-26 00:44:05,776 - WARNING - 🚨 링크 2220684000의 도로 정보 없음 (무시됨)
2025-02-26 00:44:05,781 - WARNING - 🚨 링크 2270000701의 도로 정보 없음 (무시됨)
2025-02-26 00:44:05,781 - WARNING - 🚨 링크 2270000801의 도로 정보 없음 (무시됨)
2025-02-26 00:44:05,783 - WARNING - 🚨 링크 2270010400의 도로 정보 없음 (무시됨)
2025-02-26 00:44:05,783 - WARNING - 🚨 링크 2270010500의 도로 정보 없음 (무시됨)
2025-02-26 00:44:05,784 - WARNING - 🚨 링크 2270011203의 도로 정보 없음 (무시됨)
2025-02-26 00:44:05,784 - WARNING - 🚨 링크 2270011303의 도로 정보 없음 (무시됨)
2025-02-26 00:44:05,785 - WARNING - 🚨 링크 2270021705의 도로 정보 없음 (무시됨)
2025-02-26 00:44:05,785 - WARNING - 🚨 링크 2270021806의 도로 정보 없음 (무시됨)
2025-02-26 00:44:05,787 - WARNING - 🚨 링크 2270028000의 도로 정보 없음 (무시됨)
2025-02-26 00:44:05,787 - WARNING - 🚨 링크 2270028100의 도로 정보 없음 (무시됨)
2025-02-26 00:44:05,787 - WARNING - 🚨 링크 2270028200의 도로 정보 없음 (무시됨)
2025-02-26 00:44:05,789 - WARNING - 🚨 링크 2270063400의 도로 정보 없음 (무시됨)
2025-02-26 00:44:05,792 - WARNING - 🚨 링크 2279000100의 도로 정보 없음 (무시됨)
2025-02-26 00:44:05,793 - WARNING - 🚨 링크 2279000200의 도로 정보 없음 (무시됨)
2025-02-26 00:44:05,793 - WARNING - 🚨 링크 2279000300의 도로 정보 없음 (무시됨)
2025-02-26 00:44:05,793 - WARNING - 🚨 링크 2279000400의 도로 정보 없음 (무시됨)
2025-02-26 00:44:05,794 - WARNING - 🚨 링크 2279000500의 도로 정보 없음 (무시됨)
2025-02-26 00:44:05,794 - WARNING - 🚨 링크 2279000600의 도로 정보 없음 (무시됨)
2025-02-26 00:44:05,794 - WARNING - 🚨 링크 2279000700의 도로 정보 없음 (무시됨)
2025-02-26 00:44:05,795 - WARNING - 🚨 링크 2279000800의 도로 정보 없음 (무시됨)
2025-02-26 00:44:05,795 - WARNING - 🚨 링크 2279000900의 도로 정보 없음 (무시됨)
2025-02-26 00:44:05,795 - WARNING - 🚨 링크 2279001000의 도로 정보 없음 (무시됨)
2025-02-26 00:44:05,795 - WARNING - 🚨 링크 2279001100의 도로 정보 없음 (무시됨)
2025-02-26 00:44:05,795 - WARNING - 🚨 링크 2279001200의 도로 정보 없음 (무시됨)
2025-02-26 00:44:05,796 - WARNING - 🚨 링크 2279001300의 도로 정보 없음 (무시됨)
2025-02-26 00:44:05,796 - WARNING - 🚨 링크 2279001400의 도로 정보 없음 (무시됨)
2025-02-26 00:44:05,796 - WARNING - 🚨 링크 2279001500의 도로 정보 없음 (무시됨)
2025-02-26 00:44:05,796 - WARNING - 🚨 링크 2279001600의 도로 정보 없음 (무시됨)
2025-02-26 00:44:05,796 - WARNING - 🚨 링크 2279001800의 도로 정보 없음 (무시됨)
2025-02-26 00:44:05,796 - WARNING - 🚨 링크 2279002700의 도로 정보 없음 (무시됨)
2025-02-26 00:44:05,797 - WARNING - 🚨 링크 2279002900의 도로 정보 없음 (무시됨)
2025-02-26 00:44:05,797 - WARNING - 🚨 링크 2279003100의 도로 정보 없음 (무시됨)
2025-02-26 00:44:05,798 - WARNING - 🚨 링크 2279003500의 도로 정보 없음 (무시됨)
2025-02-26 00:44:05,798 - WARNING - 🚨 링크 2279003600의 도로 정보 없음 (무시됨)
2025-02-26 00:44:05,798 - WARNING - 🚨 링크 2279003800의 도로 정보 없음 (무시됨)
2025-02-26 00:44:05,798 - WARNING - 🚨 링크 2279004100의 도로 정보 없음 (무시됨)
2025-02-26 00:44:05,799 - WARNING - 🚨 링크 2279004300의 도로 정보 없음 (무시됨)
2025-02-26 00:44:05,799 - WARNING - 🚨 링크 2279005000의 도로 정보 없음 (무시됨)
2025-02-26 00:44:05,799 - WARNING - 🚨 링크 2279005100의 도로 정보 없음 (무시됨)
2025-02-26 00:44:05,799 - WARNING - 🚨 링크 2279006200의 도로 정보 없음 (무시됨)
2025-02-26 00:44:05,799 - WARNING - 🚨 링크 2279006300의 도로 정보 없음 (무시됨)
2025-02-26 00:44:05,800 - WARNING - 🚨 링크 2279006700의 도로 정보 없음 (무시됨)
2025-02-26 00:44:05,800 - WARNING - 🚨 링크 2279006800의 도로 정보 없음 (무시됨)
2025-02-26 00:44:05,800 - WARNING - 🚨 링크 2279007000의 도로 정보 없음 (무시됨)
2025-02-26 00:44:05,800 - WARNING - 🚨 링크 2279007100의 도로 정보 없음 (무시됨)
2025-02-26 00:44:05,801 - WARNING - 🚨 링크 2279007200의 도로 정보 없음 (무시됨)
2025-02-26 00:44:05,801 - WARNING - 🚨 링크 2279007300의 도로 정보 없음 (무시됨)
2025-02-26 00:44:05,802 - WARNING - 🚨 링크 2279007800의 도로 정보 없음 (무시됨)
2025-02-26 00:44:05,802 - WARNING - 🚨 링크 2279008300의 도로 정보 없음 (무시됨)
2025-02-26 00:44:05,803 - WARNING - 🚨 링크 2279008400의 도로 정보 없음 (무시됨)
2025-02-26 00:44:05,804 - WARNING - 🚨 링크 2320023400의 도로 정보 없음 (무시됨)
2025-02-26 00:44:05,805 - WARNING - 🚨 링크 2320067900의 도로 정보 없음 (무시됨)
2025-02-26 00:44:05,805 - WARNING - 🚨 링크 2320068000의 도로 정보 없음 (무시됨)
2025-02-26 00:44:05,805 - WARNING - 🚨 링크 2320073700의 도로 정보 없음 (무시됨)
2025-02-26 00:44:05,806 - WARNING - 🚨 링크 2320073800의 도로 정보 없음 (무시됨)
2025-02-26 00:44:05,806 - WARNING - 🚨 링크 2320074500의 도로 정보 없음 (무시됨)
2025-02-26 00:44:05,807 - WARNING - 🚨 링크 2320441800의 도로 정보 없음 (무시됨)
2025-02-26 00:44:05,807 - WARNING - 🚨 링크 2320441900의 도로 정보 없음 (무시됨)
2025-02-26 00:44:05,808 - WARNING - 🚨 링크 2320552400의 도로 정보 없음 (무시됨)
2025-02-26 00:44:05,809 - WARNING - 🚨 링크 2320552800의 도로 정보 없음 (무시됨)
2025-02-26 00:44:05,809 - WARNING - 🚨 링크 2340042900의 도로 정보 없음 (무시됨)
2025-02-26 00:44:05,810 - WARNING - 🚨 링크 2340043000의 도로 정보 없음 (무시됨)
2025-02-26 00:44:05,811 - WARNING - 🚨 링크 2349008100의 도로 정보 없음 (무시됨)
2025-02-26 00:44:05,811 - WARNING - 🚨 링크 2349008200의 도로 정보 없음 (무시됨)
2025-02-26 00:44:05,812 - WARNING - 🚨 링크 2349008300의 도로 정보 없음 (무시됨)
2025-02-26 00:44:05,812 - WARNING - 🚨 링크 2349008400의 도로 정보 없음 (무시됨)
2025-02-26 00:44:05,812 - WARNING - 🚨 링크 2349008500의 도로 정보 없음 (무시됨)
2025-02-26 00:44:05,813 - WARNING - 🚨 링크 2349008600의 도로 정보 없음 (무시됨)
2025-02-26 00:44:05,813 - WARNING - 🚨 링크 2349008700의 도로 정보 없음 (무시됨)
2025-02-26 00:44:05,813 - WARNING - 🚨 링크 2349008800의 도로 정보 없음 (무시됨)
2025-02-26 00:44:05,813 - WARNING - 🚨 링크 2349008900의 도로 정보 없음 (무시됨)
2025-02-26 00:44:05,814 - WARNING - 🚨 링크 2349009000의 도로 정보 없음 (무시됨)
2025-02-26 00:44:05,814 - WARNING - 🚨 링크 2350000101의 도로 정보 없음 (무시됨)
2025-02-26 00:44:05,814 - WARNING - 🚨 링크 2350000102의 도로 정보 없음 (무시됨)
2025-02-26 00:44:05,814 - WARNING - 🚨 링크 2350000201의 도로 정보 없음 (무시됨)
2025-02-26 00:44:05,814 - WARNING - 🚨 링크 2350000202의 도로 정보 없음 (무시됨)
2025-02-26 00:44:05,815 - WARNING - 🚨 링크 2410089400의 도로 정보 없음 (무시됨)
2025-02-26 00:44:05,815 - WARNING - 🚨 링크 2410089500의 도로 정보 없음 (무시됨)
2025-02-26 00:44:05,817 - WARNING - 🚨 링크 2410171500의 도로 정보 없음 (무시됨)
2025-02-26 00:44:05,818 - WARNING - 🚨 링크 2410171600의 도로 정보 없음 (무시됨)
2025-02-26 00:44:05,821 - WARNING - 🚨 링크 2410234200의 도로 정보 없음 (무시됨)
2025-02-26 00:44:05,821 - WARNING - 🚨 링크 2410234300의 도로 정보 없음 (무시됨)
2025-02-26 00:44:05,824 - WARNING - 🚨 링크 2420039201의 도로 정보 없음 (무시됨)
2025-02-26 00:44:05,824 - WARNING - 🚨 링크 2420039302의 도로 정보 없음 (무시됨)
2025-02-26 00:44:05,824 - WARNING - 🚨 링크 2420044600의 도로 정보 없음 (무시됨)
2025-02-26 00:44:05,825 - WARNING - 🚨 링크 2420044700의 도로 정보 없음 (무시됨)
2025-02-26 00:44:05,836 - INFO - ✅ 교통 데이터 변환 완료 (총 44602개 도로)
2025-02-26 00:44:10,850 - INFO - 📡 서울시 ITS API에서 교통 데이터 요청 중...
2025-02-26 00:44:14,536 - WARNING - 🚨 링크 1000008301의 도로 정보 없음 (무시됨)
2025-02-26 00:44:14,536 - WARNING - 🚨 링크 1000008302의 도로 정보 없음 (무시됨)
2025-02-26 00:44:14,537 - WARNING - 🚨 링크 1000008304의 도로 정보 없음 (무시됨)
2025-02-26 00:44:14,537 - WARNING - 🚨 링크 1000008401의 도로 정보 없음 (무시됨)
2025-02-26 00:44:14,538 - WARNING - 🚨 링크 1000008406의 도로 정보 없음 (무시됨)
2025-02-26 00:44:14,538 - WARNING - 🚨 링크 1000011900의 도로 정보 없음 (무시됨)
2025-02-26 00:44:14,539 - WARNING - 🚨 링크 1000012002의 도로 정보 없음 (무시됨)
2025-02-26 00:44:14,539 - WARNING - 🚨 링크 1000013301의 도로 정보 없음 (무시됨)
2025-02-26 00:44:14,539 - WARNING - 🚨 링크 1000013401의 도로 정보 없음 (무시됨)
2025-02-26 00:44:14,539 - WARNING - 🚨 링크 1000013402의 도로 정보 없음 (무시됨)
2025-02-26 00:44:14,540 - WARNING - 🚨 링크 1000015501의 도로 정보 없음 (무시됨)
2025-02-26 00:44:14,540 - WARNING - 🚨 링크 1000015502의 도로 정보 없음 (무시됨)
2025-02-26 00:44:14,541 - WARNING - 🚨 링크 1000024000의 도로 정보 없음 (무시됨)
2025-02-26 00:44:14,541 - WARNING - 🚨 링크 1000024300의 도로 정보 없음 (무시됨)
2025-02-26 00:44:14,541 - WARNING - 🚨 링크 1000026700의 도로 정보 없음 (무시됨)
2025-02-26 00:44:14,542 - WARNING - 🚨 링크 1000026800의 도로 정보 없음 (무시됨)
2025-02-26 00:44:14,542 - WARNING - 🚨 링크 1000033600의 도로 정보 없음 (무시됨)
2025-02-26 00:44:14,543 - WARNING - 🚨 링크 1000035600의 도로 정보 없음 (무시됨)
2025-02-26 00:44:14,545 - WARNING - 🚨 링크 1010023300의 도로 정보 없음 (무시됨)
2025-02-26 00:44:14,545 - WARNING - 🚨 링크 1010024100의 도로 정보 없음 (무시됨)
2025-02-26 00:44:14,546 - WARNING - 🚨 링크 1010053500의 도로 정보 없음 (무시됨)
2025-02-26 00:44:14,547 - WARNING - 🚨 링크 1010054100의 도로 정보 없음 (무시됨)
2025-02-26 00:44:14,562 - WARNING - 🚨 링크 1070016101의 도로 정보 없음 (무시됨)
2025-02-26 00:44:14,566 - WARNING - 🚨 링크 1090000504의 도로 정보 없음 (무시됨)
2025-02-26 00:44:14,567 - WARNING - 🚨 링크 1090000604의 도로 정보 없음 (무시됨)
2025-02-26 00:44:14,570 - WARNING - 🚨 링크 1090046800의 도로 정보 없음 (무시됨)
2025-02-26 00:44:14,570 - WARNING - 🚨 링크 1090046900의 도로 정보 없음 (무시됨)
2025-02-26 00:44:14,571 - WARNING - 🚨 링크 1100001902의 도로 정보 없음 (무시됨)
2025-02-26 00:44:14,571 - WARNING - 🚨 링크 1100001921의 도로 정보 없음 (무시됨)
2025-02-26 00:44:14,571 - WARNING - 🚨 링크 1100002011의 도로 정보 없음 (무시됨)
2025-02-26 00:44:14,572 - WARNING - 🚨 링크 1100002021의 도로 정보 없음 (무시됨)
2025-02-26 00:44:14,572 - WARNING - 🚨 링크 1100003701의 도로 정보 없음 (무시됨)
2025-02-26 00:44:14,572 - WARNING - 🚨 링크 1100004101의 도로 정보 없음 (무시됨)
2025-02-26 00:44:14,573 - WARNING - 🚨 링크 1100004102의 도로 정보 없음 (무시됨)
2025-02-26 00:44:14,573 - WARNING - 🚨 링크 1100004900의 도로 정보 없음 (무시됨)
2025-02-26 00:44:14,573 - WARNING - 🚨 링크 1100005402의 도로 정보 없음 (무시됨)
2025-02-26 00:44:14,573 - WARNING - 🚨 링크 1100006302의 도로 정보 없음 (무시됨)
2025-02-26 00:44:14,574 - WARNING - 🚨 링크 1100006402의 도로 정보 없음 (무시됨)
2025-02-26 00:44:14,576 - WARNING - 🚨 링크 1100062200의 도로 정보 없음 (무시됨)
2025-02-26 00:44:14,577 - WARNING - 🚨 링크 1100067800의 도로 정보 없음 (무시됨)
2025-02-26 00:44:14,578 - WARNING - 🚨 링크 1100077200의 도로 정보 없음 (무시됨)
2025-02-26 00:44:14,584 - WARNING - 🚨 링크 1130004303의 도로 정보 없음 (무시됨)
2025-02-26 00:44:14,584 - WARNING - 🚨 링크 1130004500의 도로 정보 없음 (무시됨)
2025-02-26 00:44:14,584 - WARNING - 🚨 링크 1130004600의 도로 정보 없음 (무시됨)
2025-02-26 00:44:14,585 - WARNING - 🚨 링크 1130006301의 도로 정보 없음 (무시됨)
2025-02-26 00:44:14,585 - WARNING - 🚨 링크 1130006401의 도로 정보 없음 (무시됨)
2025-02-26 00:44:14,586 - WARNING - 🚨 링크 1130014702의 도로 정보 없음 (무시됨)
2025-02-26 00:44:14,586 - WARNING - 🚨 링크 1130014802의 도로 정보 없음 (무시됨)
2025-02-26 00:44:14,587 - WARNING - 🚨 링크 1130022102의 도로 정보 없음 (무시됨)
2025-02-26 00:44:14,587 - WARNING - 🚨 링크 1130022203의 도로 정보 없음 (무시됨)
2025-02-26 00:44:14,588 - WARNING - 🚨 링크 1130049400의 도로 정보 없음 (무시됨)
2025-02-26 00:44:14,589 - WARNING - 🚨 링크 1130049500의 도로 정보 없음 (무시됨)
2025-02-26 00:44:14,589 - WARNING - 🚨 링크 1130054300의 도로 정보 없음 (무시됨)
2025-02-26 00:44:14,589 - WARNING - 🚨 링크 1130054400의 도로 정보 없음 (무시됨)
2025-02-26 00:44:14,590 - WARNING - 🚨 링크 1130059200의 도로 정보 없음 (무시됨)
2025-02-26 00:44:14,592 - WARNING - 🚨 링크 1140022202의 도로 정보 없음 (무시됨)
2025-02-26 00:44:14,593 - WARNING - 🚨 링크 1140039902의 도로 정보 없음 (무시됨)
2025-02-26 00:44:14,593 - WARNING - 🚨 링크 1140040001의 도로 정보 없음 (무시됨)
2025-02-26 00:44:14,593 - WARNING - 🚨 링크 1140040502의 도로 정보 없음 (무시됨)
2025-02-26 00:44:14,594 - WARNING - 🚨 링크 1140041001의 도로 정보 없음 (무시됨)
2025-02-26 00:44:14,594 - WARNING - 🚨 링크 1140041002의 도로 정보 없음 (무시됨)
2025-02-26 00:44:14,594 - WARNING - 🚨 링크 1140041101의 도로 정보 없음 (무시됨)
2025-02-26 00:44:14,595 - WARNING - 🚨 링크 1140041102의 도로 정보 없음 (무시됨)
2025-02-26 00:44:14,595 - WARNING - 🚨 링크 1140052800의 도로 정보 없음 (무시됨)
2025-02-26 00:44:14,595 - WARNING - 🚨 링크 1140052900의 도로 정보 없음 (무시됨)
2025-02-26 00:44:14,598 - WARNING - 🚨 링크 1150007201의 도로 정보 없음 (무시됨)
2025-02-26 00:44:14,601 - WARNING - 🚨 링크 1150102800의 도로 정보 없음 (무시됨)
2025-02-26 00:44:14,602 - WARNING - 🚨 링크 1150104500의 도로 정보 없음 (무시됨)
2025-02-26 00:44:14,602 - WARNING - 🚨 링크 1150104600의 도로 정보 없음 (무시됨)
2025-02-26 00:44:14,602 - WARNING - 🚨 링크 1150105000의 도로 정보 없음 (무시됨)
2025-02-26 00:44:14,603 - WARNING - 🚨 링크 1150111000의 도로 정보 없음 (무시됨)
2025-02-26 00:44:14,608 - WARNING - 🚨 링크 1170001101의 도로 정보 없음 (무시됨)
2025-02-26 00:44:14,609 - WARNING - 🚨 링크 1170001201의 도로 정보 없음 (무시됨)
2025-02-26 00:44:14,610 - WARNING - 🚨 링크 1170015500의 도로 정보 없음 (무시됨)
2025-02-26 00:44:14,610 - WARNING - 🚨 링크 1170015900의 도로 정보 없음 (무시됨)
2025-02-26 00:44:14,611 - WARNING - 🚨 링크 1170016500의 도로 정보 없음 (무시됨)
2025-02-26 00:44:14,611 - WARNING - 🚨 링크 1170017000의 도로 정보 없음 (무시됨)
2025-02-26 00:44:14,611 - WARNING - 🚨 링크 1170018200의 도로 정보 없음 (무시됨)
2025-02-26 00:44:14,611 - WARNING - 🚨 링크 1170019600의 도로 정보 없음 (무시됨)
2025-02-26 00:44:14,612 - WARNING - 🚨 링크 1170022600의 도로 정보 없음 (무시됨)
2025-02-26 00:44:14,612 - WARNING - 🚨 링크 1170022700의 도로 정보 없음 (무시됨)
2025-02-26 00:44:14,613 - WARNING - 🚨 링크 1170024400의 도로 정보 없음 (무시됨)
2025-02-26 00:44:14,613 - WARNING - 🚨 링크 1170024500의 도로 정보 없음 (무시됨)
2025-02-26 00:44:14,613 - WARNING - 🚨 링크 1170025500의 도로 정보 없음 (무시됨)
2025-02-26 00:44:14,614 - WARNING - 🚨 링크 1170025600의 도로 정보 없음 (무시됨)
2025-02-26 00:44:14,614 - WARNING - 🚨 링크 1170025700의 도로 정보 없음 (무시됨)
2025-02-26 00:44:14,614 - WARNING - 🚨 링크 1170043100의 도로 정보 없음 (무시됨)
2025-02-26 00:44:14,615 - WARNING - 🚨 링크 1180002202의 도로 정보 없음 (무시됨)
2025-02-26 00:44:14,615 - WARNING - 🚨 링크 1180002203의 도로 정보 없음 (무시됨)
2025-02-26 00:44:14,615 - WARNING - 🚨 링크 1180002903의 도로 정보 없음 (무시됨)
2025-02-26 00:44:14,616 - WARNING - 🚨 링크 1180003006의 도로 정보 없음 (무시됨)
2025-02-26 00:44:14,616 - WARNING - 🚨 링크 1180004903의 도로 정보 없음 (무시됨)
2025-02-26 00:44:14,616 - WARNING - 🚨 링크 1180005100의 도로 정보 없음 (무시됨)
2025-02-26 00:44:14,618 - WARNING - 🚨 링크 1180035603의 도로 정보 없음 (무시됨)
2025-02-26 00:44:14,618 - WARNING - 🚨 링크 1180037000의 도로 정보 없음 (무시됨)
2025-02-26 00:44:14,621 - WARNING - 🚨 링크 1180076101의 도로 정보 없음 (무시됨)
2025-02-26 00:44:14,621 - WARNING - 🚨 링크 1180087202의 도로 정보 없음 (무시됨)
2025-02-26 00:44:14,622 - WARNING - 🚨 링크 1180097400의 도로 정보 없음 (무시됨)
2025-02-26 00:44:14,622 - WARNING - 🚨 링크 1180097700의 도로 정보 없음 (무시됨)
2025-02-26 00:44:14,623 - WARNING - 🚨 링크 1180117800의 도로 정보 없음 (무시됨)
2025-02-26 00:44:14,623 - WARNING - 🚨 링크 1180117900의 도로 정보 없음 (무시됨)
2025-02-26 00:44:14,623 - WARNING - 🚨 링크 1180120600의 도로 정보 없음 (무시됨)
2025-02-26 00:44:14,624 - WARNING - 🚨 링크 1180132301의 도로 정보 없음 (무시됨)
2025-02-26 00:44:14,624 - WARNING - 🚨 링크 1190001901의 도로 정보 없음 (무시됨)
2025-02-26 00:44:14,624 - WARNING - 🚨 링크 1190002001의 도로 정보 없음 (무시됨)
2025-02-26 00:44:14,630 - WARNING - 🚨 링크 1210007404의 도로 정보 없음 (무시됨)
2025-02-26 00:44:14,630 - WARNING - 🚨 링크 1210007504의 도로 정보 없음 (무시됨)
2025-02-26 00:44:14,633 - WARNING - 🚨 링크 1210161900의 도로 정보 없음 (무시됨)
2025-02-26 00:44:14,634 - WARNING - 🚨 링크 1210162000의 도로 정보 없음 (무시됨)
2025-02-26 00:44:14,635 - WARNING - 🚨 링크 1220004402의 도로 정보 없음 (무시됨)
2025-02-26 00:44:14,636 - WARNING - 🚨 링크 1220006604의 도로 정보 없음 (무시됨)
2025-02-26 00:44:14,636 - WARNING - 🚨 링크 1220006704의 도로 정보 없음 (무시됨)
2025-02-26 00:44:14,640 - WARNING - 🚨 링크 1220048200의 도로 정보 없음 (무시됨)
2025-02-26 00:44:14,640 - WARNING - 🚨 링크 1220048300의 도로 정보 없음 (무시됨)
2025-02-26 00:44:14,645 - WARNING - 🚨 링크 1230005302의 도로 정보 없음 (무시됨)
2025-02-26 00:44:14,646 - WARNING - 🚨 링크 1230005403의 도로 정보 없음 (무시됨)
2025-02-26 00:44:14,648 - WARNING - 🚨 링크 1230038900의 도로 정보 없음 (무시됨)
2025-02-26 00:44:14,648 - WARNING - 🚨 링크 1230039000의 도로 정보 없음 (무시됨)
2025-02-26 00:44:14,649 - WARNING - 🚨 링크 1230049400의 도로 정보 없음 (무시됨)
2025-02-26 00:44:14,649 - WARNING - 🚨 링크 1230049500의 도로 정보 없음 (무시됨)
2025-02-26 00:44:14,650 - WARNING - 🚨 링크 1230089200의 도로 정보 없음 (무시됨)
2025-02-26 00:44:14,651 - WARNING - 🚨 링크 1230090100의 도로 정보 없음 (무시됨)
2025-02-26 00:44:14,652 - WARNING - 🚨 링크 1230429600의 도로 정보 없음 (무시됨)
2025-02-26 00:44:14,652 - WARNING - 🚨 링크 1230429800의 도로 정보 없음 (무시됨)
2025-02-26 00:44:14,652 - WARNING - 🚨 링크 1230429900의 도로 정보 없음 (무시됨)
2025-02-26 00:44:14,653 - WARNING - 🚨 링크 1230433600의 도로 정보 없음 (무시됨)
2025-02-26 00:44:14,653 - WARNING - 🚨 링크 1230440101의 도로 정보 없음 (무시됨)
2025-02-26 00:44:14,654 - WARNING - 🚨 링크 1230440201의 도로 정보 없음 (무시됨)
2025-02-26 00:44:14,654 - WARNING - 🚨 링크 1230440701의 도로 정보 없음 (무시됨)
2025-02-26 00:44:14,654 - WARNING - 🚨 링크 1230440801의 도로 정보 없음 (무시됨)
2025-02-26 00:44:14,655 - WARNING - 🚨 링크 1230441101의 도로 정보 없음 (무시됨)
2025-02-26 00:44:14,655 - WARNING - 🚨 링크 1230441201의 도로 정보 없음 (무시됨)
2025-02-26 00:44:14,655 - WARNING - 🚨 링크 1230441301의 도로 정보 없음 (무시됨)
2025-02-26 00:44:14,655 - WARNING - 🚨 링크 1230441401의 도로 정보 없음 (무시됨)
2025-02-26 00:44:14,656 - WARNING - 🚨 링크 1240002500의 도로 정보 없음 (무시됨)
2025-02-26 00:44:14,656 - WARNING - 🚨 링크 1240002600의 도로 정보 없음 (무시됨)
2025-02-26 00:44:14,656 - WARNING - 🚨 링크 1240002700의 도로 정보 없음 (무시됨)
2025-02-26 00:44:14,657 - WARNING - 🚨 링크 1240002800의 도로 정보 없음 (무시됨)
2025-02-26 00:44:14,657 - WARNING - 🚨 링크 1240002900의 도로 정보 없음 (무시됨)
2025-02-26 00:44:14,660 - WARNING - 🚨 링크 1249000100의 도로 정보 없음 (무시됨)
2025-02-26 00:44:14,661 - WARNING - 🚨 링크 1249000200의 도로 정보 없음 (무시됨)
2025-02-26 00:44:14,661 - WARNING - 🚨 링크 1249000300의 도로 정보 없음 (무시됨)
2025-02-26 00:44:14,661 - WARNING - 🚨 링크 1249000400의 도로 정보 없음 (무시됨)
2025-02-26 00:44:14,662 - WARNING - 🚨 링크 1249000500의 도로 정보 없음 (무시됨)
2025-02-26 00:44:14,662 - WARNING - 🚨 링크 1249002100의 도로 정보 없음 (무시됨)
2025-02-26 00:44:14,662 - WARNING - 🚨 링크 1249002400의 도로 정보 없음 (무시됨)
2025-02-26 00:44:14,662 - WARNING - 🚨 링크 1249003100의 도로 정보 없음 (무시됨)
2025-02-26 00:44:14,662 - WARNING - 🚨 링크 1249003500의 도로 정보 없음 (무시됨)
2025-02-26 00:44:14,663 - WARNING - 🚨 링크 1249003600의 도로 정보 없음 (무시됨)
2025-02-26 00:44:14,663 - WARNING - 🚨 링크 1249003700의 도로 정보 없음 (무시됨)
2025-02-26 00:44:14,663 - WARNING - 🚨 링크 1249004000의 도로 정보 없음 (무시됨)
2025-02-26 00:44:14,663 - WARNING - 🚨 링크 1249004100의 도로 정보 없음 (무시됨)
2025-02-26 00:44:14,663 - WARNING - 🚨 링크 1249004300의 도로 정보 없음 (무시됨)
2025-02-26 00:44:14,664 - WARNING - 🚨 링크 1249004600의 도로 정보 없음 (무시됨)
2025-02-26 00:44:14,664 - WARNING - 🚨 링크 1249005700의 도로 정보 없음 (무시됨)
2025-02-26 00:44:14,669 - WARNING - 🚨 링크 2040004502의 도로 정보 없음 (무시됨)
2025-02-26 00:44:14,670 - WARNING - 🚨 링크 2040004531의 도로 정보 없음 (무시됨)
2025-02-26 00:44:14,670 - WARNING - 🚨 링크 2040004602의 도로 정보 없음 (무시됨)
2025-02-26 00:44:14,670 - WARNING - 🚨 링크 2040004611의 도로 정보 없음 (무시됨)
2025-02-26 00:44:14,672 - WARNING - 🚨 링크 2040038400의 도로 정보 없음 (무시됨)
2025-02-26 00:44:14,672 - WARNING - 🚨 링크 2040038500의 도로 정보 없음 (무시됨)
2025-02-26 00:44:14,672 - WARNING - 🚨 링크 2040038600의 도로 정보 없음 (무시됨)
2025-02-26 00:44:14,672 - WARNING - 🚨 링크 2040038700의 도로 정보 없음 (무시됨)
2025-02-26 00:44:14,673 - WARNING - 🚨 링크 2040046400의 도로 정보 없음 (무시됨)
2025-02-26 00:44:14,673 - WARNING - 🚨 링크 2040046500의 도로 정보 없음 (무시됨)
2025-02-26 00:44:14,674 - WARNING - 🚨 링크 2040388800의 도로 정보 없음 (무시됨)
2025-02-26 00:44:14,674 - WARNING - 🚨 링크 2040388900의 도로 정보 없음 (무시됨)
2025-02-26 00:44:14,675 - WARNING - 🚨 링크 2040417500의 도로 정보 없음 (무시됨)
2025-02-26 00:44:14,675 - WARNING - 🚨 링크 2040417600의 도로 정보 없음 (무시됨)
2025-02-26 00:44:14,676 - WARNING - 🚨 링크 2049000200의 도로 정보 없음 (무시됨)
2025-02-26 00:44:14,676 - WARNING - 🚨 링크 2050002502의 도로 정보 없음 (무시됨)
2025-02-26 00:44:14,676 - WARNING - 🚨 링크 2050002602의 도로 정보 없음 (무시됨)
2025-02-26 00:44:14,676 - WARNING - 🚨 링크 2050003001의 도로 정보 없음 (무시됨)
2025-02-26 00:44:14,677 - WARNING - 🚨 링크 2050004100의 도로 정보 없음 (무시됨)
2025-02-26 00:44:14,677 - WARNING - 🚨 링크 2050004200의 도로 정보 없음 (무시됨)
2025-02-26 00:44:14,678 - WARNING - 🚨 링크 2050030301의 도로 정보 없음 (무시됨)
2025-02-26 00:44:14,678 - WARNING - 🚨 링크 2050030402의 도로 정보 없음 (무시됨)
2025-02-26 00:44:14,678 - WARNING - 🚨 링크 2050033300의 도로 정보 없음 (무시됨)
2025-02-26 00:44:14,678 - WARNING - 🚨 링크 2050033400의 도로 정보 없음 (무시됨)
2025-02-26 00:44:14,679 - WARNING - 🚨 링크 2050036900의 도로 정보 없음 (무시됨)
2025-02-26 00:44:14,679 - WARNING - 🚨 링크 2050037000의 도로 정보 없음 (무시됨)
2025-02-26 00:44:14,679 - WARNING - 🚨 링크 2050038300의 도로 정보 없음 (무시됨)
2025-02-26 00:44:14,680 - WARNING - 🚨 링크 2050038400의 도로 정보 없음 (무시됨)
2025-02-26 00:44:14,680 - WARNING - 🚨 링크 2050055400의 도로 정보 없음 (무시됨)
2025-02-26 00:44:14,680 - WARNING - 🚨 링크 2050055500의 도로 정보 없음 (무시됨)
2025-02-26 00:44:14,681 - WARNING - 🚨 링크 2050200600의 도로 정보 없음 (무시됨)
2025-02-26 00:44:14,681 - WARNING - 🚨 링크 2050200700의 도로 정보 없음 (무시됨)
2025-02-26 00:44:14,682 - WARNING - 🚨 링크 2050204200의 도로 정보 없음 (무시됨)
2025-02-26 00:44:14,683 - WARNING - 🚨 링크 2050204300의 도로 정보 없음 (무시됨)
2025-02-26 00:44:14,684 - WARNING - 🚨 링크 2050212400의 도로 정보 없음 (무시됨)
2025-02-26 00:44:14,685 - WARNING - 🚨 링크 2050212500의 도로 정보 없음 (무시됨)
2025-02-26 00:44:14,686 - WARNING - 🚨 링크 2050212600의 도로 정보 없음 (무시됨)
2025-02-26 00:44:14,686 - WARNING - 🚨 링크 2050212700의 도로 정보 없음 (무시됨)
2025-02-26 00:44:14,687 - WARNING - 🚨 링크 2059000100의 도로 정보 없음 (무시됨)
2025-02-26 00:44:14,688 - WARNING - 🚨 링크 2059000200의 도로 정보 없음 (무시됨)
2025-02-26 00:44:14,688 - WARNING - 🚨 링크 2059000300의 도로 정보 없음 (무시됨)
2025-02-26 00:44:14,688 - WARNING - 🚨 링크 2059000400의 도로 정보 없음 (무시됨)
2025-02-26 00:44:14,689 - WARNING - 🚨 링크 2059000500의 도로 정보 없음 (무시됨)
2025-02-26 00:44:14,689 - WARNING - 🚨 링크 2059000600의 도로 정보 없음 (무시됨)
2025-02-26 00:44:14,689 - WARNING - 🚨 링크 2059000700의 도로 정보 없음 (무시됨)
2025-02-26 00:44:14,690 - WARNING - 🚨 링크 2059000800의 도로 정보 없음 (무시됨)
2025-02-26 00:44:14,690 - WARNING - 🚨 링크 2059000900의 도로 정보 없음 (무시됨)
2025-02-26 00:44:14,691 - WARNING - 🚨 링크 2059001000의 도로 정보 없음 (무시됨)
2025-02-26 00:44:14,691 - WARNING - 🚨 링크 2059001100의 도로 정보 없음 (무시됨)
2025-02-26 00:44:14,691 - WARNING - 🚨 링크 2059001200의 도로 정보 없음 (무시됨)
2025-02-26 00:44:14,692 - WARNING - 🚨 링크 2059001300의 도로 정보 없음 (무시됨)
2025-02-26 00:44:14,692 - WARNING - 🚨 링크 2059001400의 도로 정보 없음 (무시됨)
2025-02-26 00:44:14,692 - WARNING - 🚨 링크 2059001500의 도로 정보 없음 (무시됨)
2025-02-26 00:44:14,693 - WARNING - 🚨 링크 2059001600의 도로 정보 없음 (무시됨)
2025-02-26 00:44:14,792 - WARNING - 🚨 링크 2080060300의 도로 정보 없음 (무시됨)
2025-02-26 00:44:14,793 - WARNING - 🚨 링크 2080060400의 도로 정보 없음 (무시됨)
2025-02-26 00:44:14,793 - WARNING - 🚨 링크 2080153600의 도로 정보 없음 (무시됨)
2025-02-26 00:44:14,794 - WARNING - 🚨 링크 2080153700의 도로 정보 없음 (무시됨)
2025-02-26 00:44:14,796 - WARNING - 🚨 링크 2130056101의 도로 정보 없음 (무시됨)
2025-02-26 00:44:14,796 - WARNING - 🚨 링크 2130056103의 도로 정보 없음 (무시됨)
2025-02-26 00:44:14,796 - WARNING - 🚨 링크 2130056202의 도로 정보 없음 (무시됨)
2025-02-26 00:44:14,797 - WARNING - 🚨 링크 2130056204의 도로 정보 없음 (무시됨)
2025-02-26 00:44:14,798 - WARNING - 🚨 링크 2130399300의 도로 정보 없음 (무시됨)
2025-02-26 00:44:14,798 - WARNING - 🚨 링크 2130399400의 도로 정보 없음 (무시됨)
2025-02-26 00:44:14,800 - WARNING - 🚨 링크 2180017901의 도로 정보 없음 (무시됨)
2025-02-26 00:44:14,800 - WARNING - 🚨 링크 2180017912의 도로 정보 없음 (무시됨)
2025-02-26 00:44:14,800 - WARNING - 🚨 링크 2180018001의 도로 정보 없음 (무시됨)
2025-02-26 00:44:14,801 - WARNING - 🚨 링크 2180018012의 도로 정보 없음 (무시됨)
2025-02-26 00:44:14,801 - WARNING - 🚨 링크 2180020501의 도로 정보 없음 (무시됨)
2025-02-26 00:44:14,801 - WARNING - 🚨 링크 2180020502의 도로 정보 없음 (무시됨)
2025-02-26 00:44:14,801 - WARNING - 🚨 링크 2180020601의 도로 정보 없음 (무시됨)
2025-02-26 00:44:14,802 - WARNING - 🚨 링크 2180020602의 도로 정보 없음 (무시됨)
2025-02-26 00:44:14,802 - WARNING - 🚨 링크 2180020701의 도로 정보 없음 (무시됨)
2025-02-26 00:44:14,802 - WARNING - 🚨 링크 2180020801의 도로 정보 없음 (무시됨)
2025-02-26 00:44:14,805 - WARNING - 🚨 링크 2180099102의 도로 정보 없음 (무시됨)
2025-02-26 00:44:14,806 - WARNING - 🚨 링크 2180099202의 도로 정보 없음 (무시됨)
2025-02-26 00:44:14,807 - WARNING - 🚨 링크 2180108900의 도로 정보 없음 (무시됨)
2025-02-26 00:44:14,808 - WARNING - 🚨 링크 2180109000의 도로 정보 없음 (무시됨)
2025-02-26 00:44:14,809 - WARNING - 🚨 링크 2180142704의 도로 정보 없음 (무시됨)
2025-02-26 00:44:14,809 - WARNING - 🚨 링크 2180142805의 도로 정보 없음 (무시됨)
2025-02-26 00:44:14,810 - WARNING - 🚨 링크 2180143200의 도로 정보 없음 (무시됨)
2025-02-26 00:44:14,810 - WARNING - 🚨 링크 2180143300의 도로 정보 없음 (무시됨)
2025-02-26 00:44:14,810 - WARNING - 🚨 링크 2180147300의 도로 정보 없음 (무시됨)
2025-02-26 00:44:14,813 - WARNING - 🚨 링크 2180251000의 도로 정보 없음 (무시됨)
2025-02-26 00:44:14,813 - WARNING - 🚨 링크 2180251100의 도로 정보 없음 (무시됨)
2025-02-26 00:44:14,814 - WARNING - 🚨 링크 2180319400의 도로 정보 없음 (무시됨)
2025-02-26 00:44:14,815 - WARNING - 🚨 링크 2180327000의 도로 정보 없음 (무시됨)
2025-02-26 00:44:14,815 - WARNING - 🚨 링크 2180327100의 도로 정보 없음 (무시됨)
2025-02-26 00:44:14,816 - WARNING - 🚨 링크 2180327600의 도로 정보 없음 (무시됨)
2025-02-26 00:44:14,816 - WARNING - 🚨 링크 2180327700의 도로 정보 없음 (무시됨)
2025-02-26 00:44:14,818 - WARNING - 🚨 링크 2180374000의 도로 정보 없음 (무시됨)
2025-02-26 00:44:14,819 - WARNING - 🚨 링크 2180382601의 도로 정보 없음 (무시됨)
2025-02-26 00:44:14,821 - WARNING - 🚨 링크 2180387801의 도로 정보 없음 (무시됨)
2025-02-26 00:44:14,821 - WARNING - 🚨 링크 2180387901의 도로 정보 없음 (무시됨)
2025-02-26 00:44:14,822 - WARNING - 🚨 링크 2180388001의 도로 정보 없음 (무시됨)
2025-02-26 00:44:14,824 - WARNING - 🚨 링크 2180388101의 도로 정보 없음 (무시됨)
2025-02-26 00:44:14,824 - WARNING - 🚨 링크 2180388201의 도로 정보 없음 (무시됨)
2025-02-26 00:44:14,825 - WARNING - 🚨 링크 2180388301의 도로 정보 없음 (무시됨)
2025-02-26 00:44:14,826 - WARNING - 🚨 링크 2180388401의 도로 정보 없음 (무시됨)
2025-02-26 00:44:14,826 - WARNING - 🚨 링크 2180389601의 도로 정보 없음 (무시됨)
2025-02-26 00:44:14,827 - WARNING - 🚨 링크 2180389701의 도로 정보 없음 (무시됨)
2025-02-26 00:44:14,827 - WARNING - 🚨 링크 2180390001의 도로 정보 없음 (무시됨)
2025-02-26 00:44:14,828 - WARNING - 🚨 링크 2180390101의 도로 정보 없음 (무시됨)
2025-02-26 00:44:14,828 - WARNING - 🚨 링크 2180390201의 도로 정보 없음 (무시됨)
2025-02-26 00:44:14,829 - WARNING - 🚨 링크 2180390301의 도로 정보 없음 (무시됨)
2025-02-26 00:44:14,829 - WARNING - 🚨 링크 2180390401의 도로 정보 없음 (무시됨)
2025-02-26 00:44:14,830 - WARNING - 🚨 링크 2180390801의 도로 정보 없음 (무시됨)
2025-02-26 00:44:14,831 - WARNING - 🚨 링크 2180390901의 도로 정보 없음 (무시됨)
2025-02-26 00:44:14,840 - WARNING - 🚨 링크 2200000300의 도로 정보 없음 (무시됨)
2025-02-26 00:44:14,841 - WARNING - 🚨 링크 2200000400의 도로 정보 없음 (무시됨)
2025-02-26 00:44:14,842 - WARNING - 🚨 링크 2200000702의 도로 정보 없음 (무시됨)
2025-02-26 00:44:14,842 - WARNING - 🚨 링크 2200000802의 도로 정보 없음 (무시됨)
2025-02-26 00:44:14,843 - WARNING - 🚨 링크 2200007900의 도로 정보 없음 (무시됨)
2025-02-26 00:44:14,844 - WARNING - 🚨 링크 2200008000의 도로 정보 없음 (무시됨)
2025-02-26 00:44:14,844 - WARNING - 🚨 링크 2200008300의 도로 정보 없음 (무시됨)
2025-02-26 00:44:14,844 - WARNING - 🚨 링크 2200008400의 도로 정보 없음 (무시됨)
2025-02-26 00:44:14,845 - WARNING - 🚨 링크 2200009100의 도로 정보 없음 (무시됨)
2025-02-26 00:44:14,845 - WARNING - 🚨 링크 2200009200의 도로 정보 없음 (무시됨)
2025-02-26 00:44:14,846 - WARNING - 🚨 링크 2200009300의 도로 정보 없음 (무시됨)
2025-02-26 00:44:14,846 - WARNING - 🚨 링크 2200009400의 도로 정보 없음 (무시됨)
2025-02-26 00:44:14,846 - WARNING - 🚨 링크 2200009500의 도로 정보 없음 (무시됨)
2025-02-26 00:44:14,847 - WARNING - 🚨 링크 2200009600의 도로 정보 없음 (무시됨)
2025-02-26 00:44:14,847 - WARNING - 🚨 링크 2200009700의 도로 정보 없음 (무시됨)
2025-02-26 00:44:14,848 - WARNING - 🚨 링크 2200009800의 도로 정보 없음 (무시됨)
2025-02-26 00:44:14,848 - WARNING - 🚨 링크 2200010100의 도로 정보 없음 (무시됨)
2025-02-26 00:44:14,848 - WARNING - 🚨 링크 2200010200의 도로 정보 없음 (무시됨)
2025-02-26 00:44:14,849 - WARNING - 🚨 링크 2200010500의 도로 정보 없음 (무시됨)
2025-02-26 00:44:14,849 - WARNING - 🚨 링크 2200010600의 도로 정보 없음 (무시됨)
2025-02-26 00:44:14,849 - WARNING - 🚨 링크 2200010901의 도로 정보 없음 (무시됨)
2025-02-26 00:44:14,850 - WARNING - 🚨 링크 2200011002의 도로 정보 없음 (무시됨)
2025-02-26 00:44:14,858 - WARNING - 🚨 링크 2210114500의 도로 정보 없음 (무시됨)
2025-02-26 00:44:14,859 - WARNING - 🚨 링크 2219000300의 도로 정보 없음 (무시됨)
2025-02-26 00:44:14,859 - WARNING - 🚨 링크 2219000400의 도로 정보 없음 (무시됨)
2025-02-26 00:44:14,859 - WARNING - 🚨 링크 2219000600의 도로 정보 없음 (무시됨)
2025-02-26 00:44:14,859 - WARNING - 🚨 링크 2219000800의 도로 정보 없음 (무시됨)
2025-02-26 00:44:14,860 - WARNING - 🚨 링크 2219000900의 도로 정보 없음 (무시됨)
2025-02-26 00:44:14,861 - WARNING - 🚨 링크 2220032800의 도로 정보 없음 (무시됨)
2025-02-26 00:44:14,862 - WARNING - 🚨 링크 2220032900의 도로 정보 없음 (무시됨)
2025-02-26 00:44:14,862 - WARNING - 🚨 링크 2220033400의 도로 정보 없음 (무시됨)
2025-02-26 00:44:14,863 - WARNING - 🚨 링크 2220033500의 도로 정보 없음 (무시됨)
2025-02-26 00:44:14,863 - WARNING - 🚨 링크 2220035600의 도로 정보 없음 (무시됨)
2025-02-26 00:44:14,864 - WARNING - 🚨 링크 2220035700의 도로 정보 없음 (무시됨)
2025-02-26 00:44:14,864 - WARNING - 🚨 링크 2220037203의 도로 정보 없음 (무시됨)
2025-02-26 00:44:14,865 - WARNING - 🚨 링크 2220037303의 도로 정보 없음 (무시됨)
2025-02-26 00:44:14,867 - WARNING - 🚨 링크 2220078700의 도로 정보 없음 (무시됨)
2025-02-26 00:44:14,867 - WARNING - 🚨 링크 2220078800의 도로 정보 없음 (무시됨)
2025-02-26 00:44:14,871 - WARNING - 🚨 링크 2220178600의 도로 정보 없음 (무시됨)
2025-02-26 00:44:14,872 - WARNING - 🚨 링크 2220178700의 도로 정보 없음 (무시됨)
2025-02-26 00:44:14,872 - WARNING - 🚨 링크 2220182500의 도로 정보 없음 (무시됨)
2025-02-26 00:44:14,873 - WARNING - 🚨 링크 2220182600의 도로 정보 없음 (무시됨)
2025-02-26 00:44:14,873 - WARNING - 🚨 링크 2220182900의 도로 정보 없음 (무시됨)
2025-02-26 00:44:14,873 - WARNING - 🚨 링크 2220183000의 도로 정보 없음 (무시됨)
2025-02-26 00:44:14,874 - WARNING - 🚨 링크 2220216700의 도로 정보 없음 (무시됨)
2025-02-26 00:44:14,874 - WARNING - 🚨 링크 2220216800의 도로 정보 없음 (무시됨)
2025-02-26 00:44:14,874 - WARNING - 🚨 링크 2220216900의 도로 정보 없음 (무시됨)
2025-02-26 00:44:14,875 - WARNING - 🚨 링크 2220217000의 도로 정보 없음 (무시됨)
2025-02-26 00:44:14,876 - WARNING - 🚨 링크 2220250600의 도로 정보 없음 (무시됨)
2025-02-26 00:44:14,876 - WARNING - 🚨 링크 2220251100의 도로 정보 없음 (무시됨)
2025-02-26 00:44:14,876 - WARNING - 🚨 링크 2220251801의 도로 정보 없음 (무시됨)
2025-02-26 00:44:14,877 - WARNING - 🚨 링크 2220251802의 도로 정보 없음 (무시됨)
2025-02-26 00:44:14,877 - WARNING - 🚨 링크 2220251901의 도로 정보 없음 (무시됨)
2025-02-26 00:44:14,877 - WARNING - 🚨 링크 2220251902의 도로 정보 없음 (무시됨)
2025-02-26 00:44:14,877 - WARNING - 🚨 링크 2220256500의 도로 정보 없음 (무시됨)
2025-02-26 00:44:14,878 - WARNING - 🚨 링크 2220256600의 도로 정보 없음 (무시됨)
2025-02-26 00:44:14,878 - WARNING - 🚨 링크 2220257400의 도로 정보 없음 (무시됨)
2025-02-26 00:44:14,878 - WARNING - 🚨 링크 2220257500의 도로 정보 없음 (무시됨)
2025-02-26 00:44:14,878 - WARNING - 🚨 링크 2220257700의 도로 정보 없음 (무시됨)
2025-02-26 00:44:14,881 - WARNING - 🚨 링크 2220497400의 도로 정보 없음 (무시됨)
2025-02-26 00:44:14,881 - WARNING - 🚨 링크 2220497500의 도로 정보 없음 (무시됨)
2025-02-26 00:44:14,882 - WARNING - 🚨 링크 2220498501의 도로 정보 없음 (무시됨)
2025-02-26 00:44:14,882 - WARNING - 🚨 링크 2220498902의 도로 정보 없음 (무시됨)
2025-02-26 00:44:14,883 - WARNING - 🚨 링크 2220656900의 도로 정보 없음 (무시됨)
2025-02-26 00:44:14,883 - WARNING - 🚨 링크 2220657000의 도로 정보 없음 (무시됨)
2025-02-26 00:44:14,884 - WARNING - 🚨 링크 2220683900의 도로 정보 없음 (무시됨)
2025-02-26 00:44:14,885 - WARNING - 🚨 링크 2220684000의 도로 정보 없음 (무시됨)
2025-02-26 00:44:14,890 - WARNING - 🚨 링크 2270000701의 도로 정보 없음 (무시됨)
2025-02-26 00:44:14,891 - WARNING - 🚨 링크 2270000801의 도로 정보 없음 (무시됨)
2025-02-26 00:44:14,892 - WARNING - 🚨 링크 2270010400의 도로 정보 없음 (무시됨)
2025-02-26 00:44:14,892 - WARNING - 🚨 링크 2270010500의 도로 정보 없음 (무시됨)
2025-02-26 00:44:14,892 - WARNING - 🚨 링크 2270011203의 도로 정보 없음 (무시됨)
2025-02-26 00:44:14,893 - WARNING - 🚨 링크 2270011303의 도로 정보 없음 (무시됨)
2025-02-26 00:44:14,893 - WARNING - 🚨 링크 2270021705의 도로 정보 없음 (무시됨)
2025-02-26 00:44:14,894 - WARNING - 🚨 링크 2270021806의 도로 정보 없음 (무시됨)
2025-02-26 00:44:14,894 - WARNING - 🚨 링크 2270028000의 도로 정보 없음 (무시됨)
2025-02-26 00:44:14,894 - WARNING - 🚨 링크 2270028100의 도로 정보 없음 (무시됨)
2025-02-26 00:44:14,894 - WARNING - 🚨 링크 2270028200의 도로 정보 없음 (무시됨)
2025-02-26 00:44:14,896 - WARNING - 🚨 링크 2270063400의 도로 정보 없음 (무시됨)
2025-02-26 00:44:14,900 - WARNING - 🚨 링크 2279000100의 도로 정보 없음 (무시됨)
2025-02-26 00:44:14,900 - WARNING - 🚨 링크 2279000200의 도로 정보 없음 (무시됨)
2025-02-26 00:44:14,900 - WARNING - 🚨 링크 2279000300의 도로 정보 없음 (무시됨)
2025-02-26 00:44:14,901 - WARNING - 🚨 링크 2279000400의 도로 정보 없음 (무시됨)
2025-02-26 00:44:14,901 - WARNING - 🚨 링크 2279000500의 도로 정보 없음 (무시됨)
2025-02-26 00:44:14,901 - WARNING - 🚨 링크 2279000600의 도로 정보 없음 (무시됨)
2025-02-26 00:44:14,902 - WARNING - 🚨 링크 2279000700의 도로 정보 없음 (무시됨)
2025-02-26 00:44:14,902 - WARNING - 🚨 링크 2279000800의 도로 정보 없음 (무시됨)
2025-02-26 00:44:14,902 - WARNING - 🚨 링크 2279000900의 도로 정보 없음 (무시됨)
2025-02-26 00:44:14,903 - WARNING - 🚨 링크 2279001000의 도로 정보 없음 (무시됨)
2025-02-26 00:44:14,904 - WARNING - 🚨 링크 2279001100의 도로 정보 없음 (무시됨)
2025-02-26 00:44:14,905 - WARNING - 🚨 링크 2279001200의 도로 정보 없음 (무시됨)
2025-02-26 00:44:14,905 - WARNING - 🚨 링크 2279001300의 도로 정보 없음 (무시됨)
2025-02-26 00:44:14,906 - WARNING - 🚨 링크 2279001400의 도로 정보 없음 (무시됨)
2025-02-26 00:44:14,906 - WARNING - 🚨 링크 2279001500의 도로 정보 없음 (무시됨)
2025-02-26 00:44:14,906 - WARNING - 🚨 링크 2279001600의 도로 정보 없음 (무시됨)
2025-02-26 00:44:14,907 - WARNING - 🚨 링크 2279001800의 도로 정보 없음 (무시됨)
2025-02-26 00:44:14,907 - WARNING - 🚨 링크 2279002700의 도로 정보 없음 (무시됨)
2025-02-26 00:44:14,908 - WARNING - 🚨 링크 2279002900의 도로 정보 없음 (무시됨)
2025-02-26 00:44:14,908 - WARNING - 🚨 링크 2279003100의 도로 정보 없음 (무시됨)
2025-02-26 00:44:14,908 - WARNING - 🚨 링크 2279003500의 도로 정보 없음 (무시됨)
2025-02-26 00:44:14,909 - WARNING - 🚨 링크 2279003600의 도로 정보 없음 (무시됨)
2025-02-26 00:44:14,909 - WARNING - 🚨 링크 2279003800의 도로 정보 없음 (무시됨)
2025-02-26 00:44:14,910 - WARNING - 🚨 링크 2279004100의 도로 정보 없음 (무시됨)
2025-02-26 00:44:14,910 - WARNING - 🚨 링크 2279004300의 도로 정보 없음 (무시됨)
2025-02-26 00:44:14,910 - WARNING - 🚨 링크 2279005000의 도로 정보 없음 (무시됨)
2025-02-26 00:44:14,911 - WARNING - 🚨 링크 2279005100의 도로 정보 없음 (무시됨)
2025-02-26 00:44:14,911 - WARNING - 🚨 링크 2279006200의 도로 정보 없음 (무시됨)
2025-02-26 00:44:14,911 - WARNING - 🚨 링크 2279006300의 도로 정보 없음 (무시됨)
2025-02-26 00:44:14,911 - WARNING - 🚨 링크 2279006700의 도로 정보 없음 (무시됨)
2025-02-26 00:44:14,912 - WARNING - 🚨 링크 2279006800의 도로 정보 없음 (무시됨)
2025-02-26 00:44:14,913 - WARNING - 🚨 링크 2279007000의 도로 정보 없음 (무시됨)
2025-02-26 00:44:14,914 - WARNING - 🚨 링크 2279007100의 도로 정보 없음 (무시됨)
2025-02-26 00:44:14,915 - WARNING - 🚨 링크 2279007200의 도로 정보 없음 (무시됨)
2025-02-26 00:44:14,915 - WARNING - 🚨 링크 2279007300의 도로 정보 없음 (무시됨)
2025-02-26 00:44:14,916 - WARNING - 🚨 링크 2279007800의 도로 정보 없음 (무시됨)
2025-02-26 00:44:14,916 - WARNING - 🚨 링크 2279008300의 도로 정보 없음 (무시됨)
2025-02-26 00:44:14,916 - WARNING - 🚨 링크 2279008400의 도로 정보 없음 (무시됨)
2025-02-26 00:44:14,917 - WARNING - 🚨 링크 2320023400의 도로 정보 없음 (무시됨)
2025-02-26 00:44:14,918 - WARNING - 🚨 링크 2320067900의 도로 정보 없음 (무시됨)
2025-02-26 00:44:14,919 - WARNING - 🚨 링크 2320068000의 도로 정보 없음 (무시됨)
2025-02-26 00:44:14,920 - WARNING - 🚨 링크 2320073700의 도로 정보 없음 (무시됨)
2025-02-26 00:44:14,921 - WARNING - 🚨 링크 2320073800의 도로 정보 없음 (무시됨)
2025-02-26 00:44:14,922 - WARNING - 🚨 링크 2320074500의 도로 정보 없음 (무시됨)
2025-02-26 00:44:14,923 - WARNING - 🚨 링크 2320441800의 도로 정보 없음 (무시됨)
2025-02-26 00:44:14,924 - WARNING - 🚨 링크 2320441900의 도로 정보 없음 (무시됨)
2025-02-26 00:44:14,925 - WARNING - 🚨 링크 2320552400의 도로 정보 없음 (무시됨)
2025-02-26 00:44:14,925 - WARNING - 🚨 링크 2320552800의 도로 정보 없음 (무시됨)
2025-02-26 00:44:14,926 - WARNING - 🚨 링크 2340042900의 도로 정보 없음 (무시됨)
2025-02-26 00:44:14,927 - WARNING - 🚨 링크 2340043000의 도로 정보 없음 (무시됨)
2025-02-26 00:44:14,929 - WARNING - 🚨 링크 2349008100의 도로 정보 없음 (무시됨)
2025-02-26 00:44:14,929 - WARNING - 🚨 링크 2349008200의 도로 정보 없음 (무시됨)
2025-02-26 00:44:14,929 - WARNING - 🚨 링크 2349008300의 도로 정보 없음 (무시됨)
2025-02-26 00:44:14,929 - WARNING - 🚨 링크 2349008400의 도로 정보 없음 (무시됨)
2025-02-26 00:44:14,930 - WARNING - 🚨 링크 2349008500의 도로 정보 없음 (무시됨)
2025-02-26 00:44:14,930 - WARNING - 🚨 링크 2349008600의 도로 정보 없음 (무시됨)
2025-02-26 00:44:14,930 - WARNING - 🚨 링크 2349008700의 도로 정보 없음 (무시됨)
2025-02-26 00:44:14,930 - WARNING - 🚨 링크 2349008800의 도로 정보 없음 (무시됨)
2025-02-26 00:44:14,931 - WARNING - 🚨 링크 2349008900의 도로 정보 없음 (무시됨)
2025-02-26 00:44:14,931 - WARNING - 🚨 링크 2349009000의 도로 정보 없음 (무시됨)
2025-02-26 00:44:14,931 - WARNING - 🚨 링크 2350000101의 도로 정보 없음 (무시됨)
2025-02-26 00:44:14,931 - WARNING - 🚨 링크 2350000102의 도로 정보 없음 (무시됨)
2025-02-26 00:44:14,932 - WARNING - 🚨 링크 2350000201의 도로 정보 없음 (무시됨)
2025-02-26 00:44:14,932 - WARNING - 🚨 링크 2350000202의 도로 정보 없음 (무시됨)
2025-02-26 00:44:14,933 - WARNING - 🚨 링크 2410089400의 도로 정보 없음 (무시됨)
2025-02-26 00:44:14,933 - WARNING - 🚨 링크 2410089500의 도로 정보 없음 (무시됨)
2025-02-26 00:44:14,935 - WARNING - 🚨 링크 2410171500의 도로 정보 없음 (무시됨)
2025-02-26 00:44:14,936 - WARNING - 🚨 링크 2410171600의 도로 정보 없음 (무시됨)
2025-02-26 00:44:14,938 - WARNING - 🚨 링크 2410234200의 도로 정보 없음 (무시됨)
2025-02-26 00:44:14,938 - WARNING - 🚨 링크 2410234300의 도로 정보 없음 (무시됨)
2025-02-26 00:44:14,941 - WARNING - 🚨 링크 2420039201의 도로 정보 없음 (무시됨)
2025-02-26 00:44:14,941 - WARNING - 🚨 링크 2420039302의 도로 정보 없음 (무시됨)
2025-02-26 00:44:14,942 - WARNING - 🚨 링크 2420044600의 도로 정보 없음 (무시됨)
2025-02-26 00:44:14,942 - WARNING - 🚨 링크 2420044700의 도로 정보 없음 (무시됨)
2025-02-26 00:44:14,950 - INFO - ✅ 교통 데이터 변환 완료 (총 44602개 도로)
2025-02-26 00:44:20,839 - INFO - 📡 서울시 ITS API에서 교통 데이터 요청 중...
2025-02-26 00:44:24,149 - WARNING - 🚨 링크 1000008301의 도로 정보 없음 (무시됨)
2025-02-26 00:44:24,150 - WARNING - 🚨 링크 1000008302의 도로 정보 없음 (무시됨)
2025-02-26 00:44:24,150 - WARNING - 🚨 링크 1000008304의 도로 정보 없음 (무시됨)
2025-02-26 00:44:24,150 - WARNING - 🚨 링크 1000008401의 도로 정보 없음 (무시됨)
2025-02-26 00:44:24,151 - WARNING - 🚨 링크 1000008406의 도로 정보 없음 (무시됨)
2025-02-26 00:44:24,151 - WARNING - 🚨 링크 1000011900의 도로 정보 없음 (무시됨)
2025-02-26 00:44:24,152 - WARNING - 🚨 링크 1000012002의 도로 정보 없음 (무시됨)
2025-02-26 00:44:24,152 - WARNING - 🚨 링크 1000013301의 도로 정보 없음 (무시됨)
2025-02-26 00:44:24,152 - WARNING - 🚨 링크 1000013401의 도로 정보 없음 (무시됨)
2025-02-26 00:44:24,153 - WARNING - 🚨 링크 1000013402의 도로 정보 없음 (무시됨)
2025-02-26 00:44:24,153 - WARNING - 🚨 링크 1000015501의 도로 정보 없음 (무시됨)
2025-02-26 00:44:24,153 - WARNING - 🚨 링크 1000015502의 도로 정보 없음 (무시됨)
2025-02-26 00:44:24,154 - WARNING - 🚨 링크 1000024000의 도로 정보 없음 (무시됨)
2025-02-26 00:44:24,154 - WARNING - 🚨 링크 1000024300의 도로 정보 없음 (무시됨)
2025-02-26 00:44:24,155 - WARNING - 🚨 링크 1000026700의 도로 정보 없음 (무시됨)
2025-02-26 00:44:24,155 - WARNING - 🚨 링크 1000026800의 도로 정보 없음 (무시됨)
2025-02-26 00:44:24,156 - WARNING - 🚨 링크 1000033600의 도로 정보 없음 (무시됨)
2025-02-26 00:44:24,156 - WARNING - 🚨 링크 1000035600의 도로 정보 없음 (무시됨)
2025-02-26 00:44:24,159 - WARNING - 🚨 링크 1010023300의 도로 정보 없음 (무시됨)
2025-02-26 00:44:24,159 - WARNING - 🚨 링크 1010024100의 도로 정보 없음 (무시됨)
2025-02-26 00:44:24,161 - WARNING - 🚨 링크 1010053500의 도로 정보 없음 (무시됨)
2025-02-26 00:44:24,161 - WARNING - 🚨 링크 1010054100의 도로 정보 없음 (무시됨)
2025-02-26 00:44:24,175 - WARNING - 🚨 링크 1070016101의 도로 정보 없음 (무시됨)
2025-02-26 00:44:24,180 - WARNING - 🚨 링크 1090000504의 도로 정보 없음 (무시됨)
2025-02-26 00:44:24,180 - WARNING - 🚨 링크 1090000604의 도로 정보 없음 (무시됨)
2025-02-26 00:44:24,181 - WARNING - 🚨 링크 1090046800의 도로 정보 없음 (무시됨)
2025-02-26 00:44:24,182 - WARNING - 🚨 링크 1090046900의 도로 정보 없음 (무시됨)
2025-02-26 00:44:24,182 - WARNING - 🚨 링크 1100001902의 도로 정보 없음 (무시됨)
2025-02-26 00:44:24,182 - WARNING - 🚨 링크 1100001921의 도로 정보 없음 (무시됨)
2025-02-26 00:44:24,183 - WARNING - 🚨 링크 1100002011의 도로 정보 없음 (무시됨)
2025-02-26 00:44:24,183 - WARNING - 🚨 링크 1100002021의 도로 정보 없음 (무시됨)
2025-02-26 00:44:24,183 - WARNING - 🚨 링크 1100003701의 도로 정보 없음 (무시됨)
2025-02-26 00:44:24,183 - WARNING - 🚨 링크 1100004101의 도로 정보 없음 (무시됨)
2025-02-26 00:44:24,184 - WARNING - 🚨 링크 1100004102의 도로 정보 없음 (무시됨)
2025-02-26 00:44:24,184 - WARNING - 🚨 링크 1100004900의 도로 정보 없음 (무시됨)
2025-02-26 00:44:24,184 - WARNING - 🚨 링크 1100005402의 도로 정보 없음 (무시됨)
2025-02-26 00:44:24,185 - WARNING - 🚨 링크 1100006302의 도로 정보 없음 (무시됨)
2025-02-26 00:44:24,185 - WARNING - 🚨 링크 1100006402의 도로 정보 없음 (무시됨)
2025-02-26 00:44:24,188 - WARNING - 🚨 링크 1100062200의 도로 정보 없음 (무시됨)
2025-02-26 00:44:24,189 - WARNING - 🚨 링크 1100067800의 도로 정보 없음 (무시됨)
2025-02-26 00:44:24,190 - WARNING - 🚨 링크 1100077200의 도로 정보 없음 (무시됨)
2025-02-26 00:44:24,195 - WARNING - 🚨 링크 1130004303의 도로 정보 없음 (무시됨)
2025-02-26 00:44:24,196 - WARNING - 🚨 링크 1130004500의 도로 정보 없음 (무시됨)
2025-02-26 00:44:24,196 - WARNING - 🚨 링크 1130004600의 도로 정보 없음 (무시됨)
2025-02-26 00:44:24,196 - WARNING - 🚨 링크 1130006301의 도로 정보 없음 (무시됨)
2025-02-26 00:44:24,197 - WARNING - 🚨 링크 1130006401의 도로 정보 없음 (무시됨)
2025-02-26 00:44:24,197 - WARNING - 🚨 링크 1130014702의 도로 정보 없음 (무시됨)
2025-02-26 00:44:24,197 - WARNING - 🚨 링크 1130014802의 도로 정보 없음 (무시됨)
2025-02-26 00:44:24,198 - WARNING - 🚨 링크 1130022102의 도로 정보 없음 (무시됨)
2025-02-26 00:44:24,198 - WARNING - 🚨 링크 1130022203의 도로 정보 없음 (무시됨)
2025-02-26 00:44:24,199 - WARNING - 🚨 링크 1130049400의 도로 정보 없음 (무시됨)
2025-02-26 00:44:24,200 - WARNING - 🚨 링크 1130049500의 도로 정보 없음 (무시됨)
2025-02-26 00:44:24,200 - WARNING - 🚨 링크 1130054300의 도로 정보 없음 (무시됨)
2025-02-26 00:44:24,200 - WARNING - 🚨 링크 1130054400의 도로 정보 없음 (무시됨)
2025-02-26 00:44:24,201 - WARNING - 🚨 링크 1130059200의 도로 정보 없음 (무시됨)
2025-02-26 00:44:24,203 - WARNING - 🚨 링크 1140022202의 도로 정보 없음 (무시됨)
2025-02-26 00:44:24,205 - WARNING - 🚨 링크 1140039902의 도로 정보 없음 (무시됨)
2025-02-26 00:44:24,205 - WARNING - 🚨 링크 1140040001의 도로 정보 없음 (무시됨)
2025-02-26 00:44:24,206 - WARNING - 🚨 링크 1140040502의 도로 정보 없음 (무시됨)
2025-02-26 00:44:24,206 - WARNING - 🚨 링크 1140041001의 도로 정보 없음 (무시됨)
2025-02-26 00:44:24,207 - WARNING - 🚨 링크 1140041002의 도로 정보 없음 (무시됨)
2025-02-26 00:44:24,207 - WARNING - 🚨 링크 1140041101의 도로 정보 없음 (무시됨)
2025-02-26 00:44:24,207 - WARNING - 🚨 링크 1140041102의 도로 정보 없음 (무시됨)
2025-02-26 00:44:24,208 - WARNING - 🚨 링크 1140052800의 도로 정보 없음 (무시됨)
2025-02-26 00:44:24,208 - WARNING - 🚨 링크 1140052900의 도로 정보 없음 (무시됨)
2025-02-26 00:44:24,210 - WARNING - 🚨 링크 1150007201의 도로 정보 없음 (무시됨)
2025-02-26 00:44:24,213 - WARNING - 🚨 링크 1150102800의 도로 정보 없음 (무시됨)
2025-02-26 00:44:24,214 - WARNING - 🚨 링크 1150104500의 도로 정보 없음 (무시됨)
2025-02-26 00:44:24,214 - WARNING - 🚨 링크 1150104600의 도로 정보 없음 (무시됨)
2025-02-26 00:44:24,214 - WARNING - 🚨 링크 1150105000의 도로 정보 없음 (무시됨)
2025-02-26 00:44:24,214 - WARNING - 🚨 링크 1150111000의 도로 정보 없음 (무시됨)
2025-02-26 00:44:24,221 - WARNING - 🚨 링크 1170001101의 도로 정보 없음 (무시됨)
2025-02-26 00:44:24,222 - WARNING - 🚨 링크 1170001201의 도로 정보 없음 (무시됨)
2025-02-26 00:44:24,223 - WARNING - 🚨 링크 1170015500의 도로 정보 없음 (무시됨)
2025-02-26 00:44:24,223 - WARNING - 🚨 링크 1170015900의 도로 정보 없음 (무시됨)
2025-02-26 00:44:24,224 - WARNING - 🚨 링크 1170016500의 도로 정보 없음 (무시됨)
2025-02-26 00:44:24,224 - WARNING - 🚨 링크 1170017000의 도로 정보 없음 (무시됨)
2025-02-26 00:44:24,224 - WARNING - 🚨 링크 1170018200의 도로 정보 없음 (무시됨)
2025-02-26 00:44:24,224 - WARNING - 🚨 링크 1170019600의 도로 정보 없음 (무시됨)
2025-02-26 00:44:24,225 - WARNING - 🚨 링크 1170022600의 도로 정보 없음 (무시됨)
2025-02-26 00:44:24,225 - WARNING - 🚨 링크 1170022700의 도로 정보 없음 (무시됨)
2025-02-26 00:44:24,225 - WARNING - 🚨 링크 1170024400의 도로 정보 없음 (무시됨)
2025-02-26 00:44:24,225 - WARNING - 🚨 링크 1170024500의 도로 정보 없음 (무시됨)
2025-02-26 00:44:24,226 - WARNING - 🚨 링크 1170025500의 도로 정보 없음 (무시됨)
2025-02-26 00:44:24,226 - WARNING - 🚨 링크 1170025600의 도로 정보 없음 (무시됨)
2025-02-26 00:44:24,226 - WARNING - 🚨 링크 1170025700의 도로 정보 없음 (무시됨)
2025-02-26 00:44:24,227 - WARNING - 🚨 링크 1170043100의 도로 정보 없음 (무시됨)
2025-02-26 00:44:24,227 - WARNING - 🚨 링크 1180002202의 도로 정보 없음 (무시됨)
2025-02-26 00:44:24,227 - WARNING - 🚨 링크 1180002203의 도로 정보 없음 (무시됨)
2025-02-26 00:44:24,227 - WARNING - 🚨 링크 1180002903의 도로 정보 없음 (무시됨)
2025-02-26 00:44:24,228 - WARNING - 🚨 링크 1180003006의 도로 정보 없음 (무시됨)
2025-02-26 00:44:24,228 - WARNING - 🚨 링크 1180004903의 도로 정보 없음 (무시됨)
2025-02-26 00:44:24,228 - WARNING - 🚨 링크 1180005100의 도로 정보 없음 (무시됨)
2025-02-26 00:44:24,230 - WARNING - 🚨 링크 1180035603의 도로 정보 없음 (무시됨)
2025-02-26 00:44:24,230 - WARNING - 🚨 링크 1180037000의 도로 정보 없음 (무시됨)
2025-02-26 00:44:24,232 - WARNING - 🚨 링크 1180076101의 도로 정보 없음 (무시됨)
2025-02-26 00:44:24,232 - WARNING - 🚨 링크 1180087202의 도로 정보 없음 (무시됨)
2025-02-26 00:44:24,233 - WARNING - 🚨 링크 1180097400의 도로 정보 없음 (무시됨)
2025-02-26 00:44:24,233 - WARNING - 🚨 링크 1180097700의 도로 정보 없음 (무시됨)
2025-02-26 00:44:24,234 - WARNING - 🚨 링크 1180117800의 도로 정보 없음 (무시됨)
2025-02-26 00:44:24,235 - WARNING - 🚨 링크 1180117900의 도로 정보 없음 (무시됨)
2025-02-26 00:44:24,236 - WARNING - 🚨 링크 1180120600의 도로 정보 없음 (무시됨)
2025-02-26 00:44:24,237 - WARNING - 🚨 링크 1180132301의 도로 정보 없음 (무시됨)
2025-02-26 00:44:24,237 - WARNING - 🚨 링크 1190001901의 도로 정보 없음 (무시됨)
2025-02-26 00:44:24,237 - WARNING - 🚨 링크 1190002001의 도로 정보 없음 (무시됨)
2025-02-26 00:44:24,241 - WARNING - 🚨 링크 1210007404의 도로 정보 없음 (무시됨)
2025-02-26 00:44:24,241 - WARNING - 🚨 링크 1210007504의 도로 정보 없음 (무시됨)
2025-02-26 00:44:24,244 - WARNING - 🚨 링크 1210161900의 도로 정보 없음 (무시됨)
2025-02-26 00:44:24,245 - WARNING - 🚨 링크 1210162000의 도로 정보 없음 (무시됨)
2025-02-26 00:44:24,246 - WARNING - 🚨 링크 1220004402의 도로 정보 없음 (무시됨)
2025-02-26 00:44:24,246 - WARNING - 🚨 링크 1220006604의 도로 정보 없음 (무시됨)
2025-02-26 00:44:24,246 - WARNING - 🚨 링크 1220006704의 도로 정보 없음 (무시됨)
2025-02-26 00:44:24,249 - WARNING - 🚨 링크 1220048200의 도로 정보 없음 (무시됨)
2025-02-26 00:44:24,249 - WARNING - 🚨 링크 1220048300의 도로 정보 없음 (무시됨)
2025-02-26 00:44:24,253 - WARNING - 🚨 링크 1230005302의 도로 정보 없음 (무시됨)
2025-02-26 00:44:24,254 - WARNING - 🚨 링크 1230005403의 도로 정보 없음 (무시됨)
2025-02-26 00:44:24,255 - WARNING - 🚨 링크 1230038900의 도로 정보 없음 (무시됨)
2025-02-26 00:44:24,256 - WARNING - 🚨 링크 1230039000의 도로 정보 없음 (무시됨)
2025-02-26 00:44:24,256 - WARNING - 🚨 링크 1230049400의 도로 정보 없음 (무시됨)
2025-02-26 00:44:24,257 - WARNING - 🚨 링크 1230049500의 도로 정보 없음 (무시됨)
2025-02-26 00:44:24,258 - WARNING - 🚨 링크 1230089200의 도로 정보 없음 (무시됨)
2025-02-26 00:44:24,258 - WARNING - 🚨 링크 1230090100의 도로 정보 없음 (무시됨)
2025-02-26 00:44:24,259 - WARNING - 🚨 링크 1230429600의 도로 정보 없음 (무시됨)
2025-02-26 00:44:24,259 - WARNING - 🚨 링크 1230429800의 도로 정보 없음 (무시됨)
2025-02-26 00:44:24,259 - WARNING - 🚨 링크 1230429900의 도로 정보 없음 (무시됨)
2025-02-26 00:44:24,259 - WARNING - 🚨 링크 1230433600의 도로 정보 없음 (무시됨)
2025-02-26 00:44:24,260 - WARNING - 🚨 링크 1230440101의 도로 정보 없음 (무시됨)
2025-02-26 00:44:24,260 - WARNING - 🚨 링크 1230440201의 도로 정보 없음 (무시됨)
2025-02-26 00:44:24,260 - WARNING - 🚨 링크 1230440701의 도로 정보 없음 (무시됨)
2025-02-26 00:44:24,261 - WARNING - 🚨 링크 1230440801의 도로 정보 없음 (무시됨)
2025-02-26 00:44:24,261 - WARNING - 🚨 링크 1230441101의 도로 정보 없음 (무시됨)
2025-02-26 00:44:24,261 - WARNING - 🚨 링크 1230441201의 도로 정보 없음 (무시됨)
2025-02-26 00:44:24,261 - WARNING - 🚨 링크 1230441301의 도로 정보 없음 (무시됨)
2025-02-26 00:44:24,261 - WARNING - 🚨 링크 1230441401의 도로 정보 없음 (무시됨)
2025-02-26 00:44:24,262 - WARNING - 🚨 링크 1240002500의 도로 정보 없음 (무시됨)
2025-02-26 00:44:24,262 - WARNING - 🚨 링크 1240002600의 도로 정보 없음 (무시됨)
2025-02-26 00:44:24,262 - WARNING - 🚨 링크 1240002700의 도로 정보 없음 (무시됨)
2025-02-26 00:44:24,262 - WARNING - 🚨 링크 1240002800의 도로 정보 없음 (무시됨)
2025-02-26 00:44:24,263 - WARNING - 🚨 링크 1240002900의 도로 정보 없음 (무시됨)
2025-02-26 00:44:24,266 - WARNING - 🚨 링크 1249000100의 도로 정보 없음 (무시됨)
2025-02-26 00:44:24,266 - WARNING - 🚨 링크 1249000200의 도로 정보 없음 (무시됨)
2025-02-26 00:44:24,266 - WARNING - 🚨 링크 1249000300의 도로 정보 없음 (무시됨)
2025-02-26 00:44:24,267 - WARNING - 🚨 링크 1249000400의 도로 정보 없음 (무시됨)
2025-02-26 00:44:24,267 - WARNING - 🚨 링크 1249000500의 도로 정보 없음 (무시됨)
2025-02-26 00:44:24,267 - WARNING - 🚨 링크 1249002100의 도로 정보 없음 (무시됨)
2025-02-26 00:44:24,268 - WARNING - 🚨 링크 1249002400의 도로 정보 없음 (무시됨)
2025-02-26 00:44:24,268 - WARNING - 🚨 링크 1249003100의 도로 정보 없음 (무시됨)
2025-02-26 00:44:24,268 - WARNING - 🚨 링크 1249003500의 도로 정보 없음 (무시됨)
2025-02-26 00:44:24,269 - WARNING - 🚨 링크 1249003600의 도로 정보 없음 (무시됨)
2025-02-26 00:44:24,269 - WARNING - 🚨 링크 1249003700의 도로 정보 없음 (무시됨)
2025-02-26 00:44:24,269 - WARNING - 🚨 링크 1249004000의 도로 정보 없음 (무시됨)
2025-02-26 00:44:24,269 - WARNING - 🚨 링크 1249004100의 도로 정보 없음 (무시됨)
2025-02-26 00:44:24,269 - WARNING - 🚨 링크 1249004300의 도로 정보 없음 (무시됨)
2025-02-26 00:44:24,270 - WARNING - 🚨 링크 1249004600의 도로 정보 없음 (무시됨)
2025-02-26 00:44:24,270 - WARNING - 🚨 링크 1249005700의 도로 정보 없음 (무시됨)
2025-02-26 00:44:24,275 - WARNING - 🚨 링크 2040004502의 도로 정보 없음 (무시됨)
2025-02-26 00:44:24,275 - WARNING - 🚨 링크 2040004531의 도로 정보 없음 (무시됨)
2025-02-26 00:44:24,276 - WARNING - 🚨 링크 2040004602의 도로 정보 없음 (무시됨)
2025-02-26 00:44:24,276 - WARNING - 🚨 링크 2040004611의 도로 정보 없음 (무시됨)
2025-02-26 00:44:24,277 - WARNING - 🚨 링크 2040038400의 도로 정보 없음 (무시됨)
2025-02-26 00:44:24,277 - WARNING - 🚨 링크 2040038500의 도로 정보 없음 (무시됨)
2025-02-26 00:44:24,278 - WARNING - 🚨 링크 2040038600의 도로 정보 없음 (무시됨)
2025-02-26 00:44:24,278 - WARNING - 🚨 링크 2040038700의 도로 정보 없음 (무시됨)
2025-02-26 00:44:24,278 - WARNING - 🚨 링크 2040046400의 도로 정보 없음 (무시됨)
2025-02-26 00:44:24,278 - WARNING - 🚨 링크 2040046500의 도로 정보 없음 (무시됨)
2025-02-26 00:44:24,279 - WARNING - 🚨 링크 2040388800의 도로 정보 없음 (무시됨)
2025-02-26 00:44:24,280 - WARNING - 🚨 링크 2040388900의 도로 정보 없음 (무시됨)
2025-02-26 00:44:24,281 - WARNING - 🚨 링크 2040417500의 도로 정보 없음 (무시됨)
2025-02-26 00:44:24,281 - WARNING - 🚨 링크 2040417600의 도로 정보 없음 (무시됨)
2025-02-26 00:44:24,281 - WARNING - 🚨 링크 2049000200의 도로 정보 없음 (무시됨)
2025-02-26 00:44:24,281 - WARNING - 🚨 링크 2050002502의 도로 정보 없음 (무시됨)
2025-02-26 00:44:24,282 - WARNING - 🚨 링크 2050002602의 도로 정보 없음 (무시됨)
2025-02-26 00:44:24,282 - WARNING - 🚨 링크 2050003001의 도로 정보 없음 (무시됨)
2025-02-26 00:44:24,282 - WARNING - 🚨 링크 2050004100의 도로 정보 없음 (무시됨)
2025-02-26 00:44:24,282 - WARNING - 🚨 링크 2050004200의 도로 정보 없음 (무시됨)
2025-02-26 00:44:24,283 - WARNING - 🚨 링크 2050030301의 도로 정보 없음 (무시됨)
2025-02-26 00:44:24,283 - WARNING - 🚨 링크 2050030402의 도로 정보 없음 (무시됨)
2025-02-26 00:44:24,284 - WARNING - 🚨 링크 2050033300의 도로 정보 없음 (무시됨)
2025-02-26 00:44:24,284 - WARNING - 🚨 링크 2050033400의 도로 정보 없음 (무시됨)
2025-02-26 00:44:24,284 - WARNING - 🚨 링크 2050036900의 도로 정보 없음 (무시됨)
2025-02-26 00:44:24,284 - WARNING - 🚨 링크 2050037000의 도로 정보 없음 (무시됨)
2025-02-26 00:44:24,285 - WARNING - 🚨 링크 2050038300의 도로 정보 없음 (무시됨)
2025-02-26 00:44:24,285 - WARNING - 🚨 링크 2050038400의 도로 정보 없음 (무시됨)
2025-02-26 00:44:24,286 - WARNING - 🚨 링크 2050055400의 도로 정보 없음 (무시됨)
2025-02-26 00:44:24,286 - WARNING - 🚨 링크 2050055500의 도로 정보 없음 (무시됨)
2025-02-26 00:44:24,287 - WARNING - 🚨 링크 2050200600의 도로 정보 없음 (무시됨)
2025-02-26 00:44:24,287 - WARNING - 🚨 링크 2050200700의 도로 정보 없음 (무시됨)
2025-02-26 00:44:24,287 - WARNING - 🚨 링크 2050204200의 도로 정보 없음 (무시됨)
2025-02-26 00:44:24,288 - WARNING - 🚨 링크 2050204300의 도로 정보 없음 (무시됨)
2025-02-26 00:44:24,288 - WARNING - 🚨 링크 2050212400의 도로 정보 없음 (무시됨)
2025-02-26 00:44:24,288 - WARNING - 🚨 링크 2050212500의 도로 정보 없음 (무시됨)
2025-02-26 00:44:24,288 - WARNING - 🚨 링크 2050212600의 도로 정보 없음 (무시됨)
2025-02-26 00:44:24,289 - WARNING - 🚨 링크 2050212700의 도로 정보 없음 (무시됨)
2025-02-26 00:44:24,289 - WARNING - 🚨 링크 2059000100의 도로 정보 없음 (무시됨)
2025-02-26 00:44:24,289 - WARNING - 🚨 링크 2059000200의 도로 정보 없음 (무시됨)
2025-02-26 00:44:24,289 - WARNING - 🚨 링크 2059000300의 도로 정보 없음 (무시됨)
2025-02-26 00:44:24,289 - WARNING - 🚨 링크 2059000400의 도로 정보 없음 (무시됨)
2025-02-26 00:44:24,290 - WARNING - 🚨 링크 2059000500의 도로 정보 없음 (무시됨)
2025-02-26 00:44:24,290 - WARNING - 🚨 링크 2059000600의 도로 정보 없음 (무시됨)
2025-02-26 00:44:24,290 - WARNING - 🚨 링크 2059000700의 도로 정보 없음 (무시됨)
2025-02-26 00:44:24,290 - WARNING - 🚨 링크 2059000800의 도로 정보 없음 (무시됨)
2025-02-26 00:44:24,290 - WARNING - 🚨 링크 2059000900의 도로 정보 없음 (무시됨)
2025-02-26 00:44:24,291 - WARNING - 🚨 링크 2059001000의 도로 정보 없음 (무시됨)
2025-02-26 00:44:24,291 - WARNING - 🚨 링크 2059001100의 도로 정보 없음 (무시됨)
2025-02-26 00:44:24,291 - WARNING - 🚨 링크 2059001200의 도로 정보 없음 (무시됨)
2025-02-26 00:44:24,291 - WARNING - 🚨 링크 2059001300의 도로 정보 없음 (무시됨)
2025-02-26 00:44:24,291 - WARNING - 🚨 링크 2059001400의 도로 정보 없음 (무시됨)
2025-02-26 00:44:24,292 - WARNING - 🚨 링크 2059001500의 도로 정보 없음 (무시됨)
2025-02-26 00:44:24,292 - WARNING - 🚨 링크 2059001600의 도로 정보 없음 (무시됨)
2025-02-26 00:44:24,294 - WARNING - 🚨 링크 2080060300의 도로 정보 없음 (무시됨)
2025-02-26 00:44:24,295 - WARNING - 🚨 링크 2080060400의 도로 정보 없음 (무시됨)
2025-02-26 00:44:24,295 - WARNING - 🚨 링크 2080153600의 도로 정보 없음 (무시됨)
2025-02-26 00:44:24,295 - WARNING - 🚨 링크 2080153700의 도로 정보 없음 (무시됨)
2025-02-26 00:44:24,297 - WARNING - 🚨 링크 2130056101의 도로 정보 없음 (무시됨)
2025-02-26 00:44:24,298 - WARNING - 🚨 링크 2130056103의 도로 정보 없음 (무시됨)
2025-02-26 00:44:24,298 - WARNING - 🚨 링크 2130056202의 도로 정보 없음 (무시됨)
2025-02-26 00:44:24,298 - WARNING - 🚨 링크 2130056204의 도로 정보 없음 (무시됨)
2025-02-26 00:44:24,299 - WARNING - 🚨 링크 2130399300의 도로 정보 없음 (무시됨)
2025-02-26 00:44:24,300 - WARNING - 🚨 링크 2130399400의 도로 정보 없음 (무시됨)
2025-02-26 00:44:24,301 - WARNING - 🚨 링크 2180017901의 도로 정보 없음 (무시됨)
2025-02-26 00:44:24,301 - WARNING - 🚨 링크 2180017912의 도로 정보 없음 (무시됨)
2025-02-26 00:44:24,301 - WARNING - 🚨 링크 2180018001의 도로 정보 없음 (무시됨)
2025-02-26 00:44:24,301 - WARNING - 🚨 링크 2180018012의 도로 정보 없음 (무시됨)
2025-02-26 00:44:24,302 - WARNING - 🚨 링크 2180020501의 도로 정보 없음 (무시됨)
2025-02-26 00:44:24,302 - WARNING - 🚨 링크 2180020502의 도로 정보 없음 (무시됨)
2025-02-26 00:44:24,302 - WARNING - 🚨 링크 2180020601의 도로 정보 없음 (무시됨)
2025-02-26 00:44:24,303 - WARNING - 🚨 링크 2180020602의 도로 정보 없음 (무시됨)
2025-02-26 00:44:24,303 - WARNING - 🚨 링크 2180020701의 도로 정보 없음 (무시됨)
2025-02-26 00:44:24,303 - WARNING - 🚨 링크 2180020801의 도로 정보 없음 (무시됨)
2025-02-26 00:44:24,306 - WARNING - 🚨 링크 2180099102의 도로 정보 없음 (무시됨)
2025-02-26 00:44:24,307 - WARNING - 🚨 링크 2180099202의 도로 정보 없음 (무시됨)
2025-02-26 00:44:24,308 - WARNING - 🚨 링크 2180108900의 도로 정보 없음 (무시됨)
2025-02-26 00:44:24,308 - WARNING - 🚨 링크 2180109000의 도로 정보 없음 (무시됨)
2025-02-26 00:44:24,310 - WARNING - 🚨 링크 2180142704의 도로 정보 없음 (무시됨)
2025-02-26 00:44:24,310 - WARNING - 🚨 링크 2180142805의 도로 정보 없음 (무시됨)
2025-02-26 00:44:24,310 - WARNING - 🚨 링크 2180143200의 도로 정보 없음 (무시됨)
2025-02-26 00:44:24,310 - WARNING - 🚨 링크 2180143300의 도로 정보 없음 (무시됨)
2025-02-26 00:44:24,311 - WARNING - 🚨 링크 2180147300의 도로 정보 없음 (무시됨)
2025-02-26 00:44:24,312 - WARNING - 🚨 링크 2180251000의 도로 정보 없음 (무시됨)
2025-02-26 00:44:24,312 - WARNING - 🚨 링크 2180251100의 도로 정보 없음 (무시됨)
2025-02-26 00:44:24,313 - WARNING - 🚨 링크 2180319400의 도로 정보 없음 (무시됨)
2025-02-26 00:44:24,313 - WARNING - 🚨 링크 2180327000의 도로 정보 없음 (무시됨)
2025-02-26 00:44:24,314 - WARNING - 🚨 링크 2180327100의 도로 정보 없음 (무시됨)
2025-02-26 00:44:24,314 - WARNING - 🚨 링크 2180327600의 도로 정보 없음 (무시됨)
2025-02-26 00:44:24,314 - WARNING - 🚨 링크 2180327700의 도로 정보 없음 (무시됨)
2025-02-26 00:44:24,316 - WARNING - 🚨 링크 2180374000의 도로 정보 없음 (무시됨)
2025-02-26 00:44:24,317 - WARNING - 🚨 링크 2180382601의 도로 정보 없음 (무시됨)
2025-02-26 00:44:24,318 - WARNING - 🚨 링크 2180387801의 도로 정보 없음 (무시됨)
2025-02-26 00:44:24,318 - WARNING - 🚨 링크 2180387901의 도로 정보 없음 (무시됨)
2025-02-26 00:44:24,318 - WARNING - 🚨 링크 2180388001의 도로 정보 없음 (무시됨)
2025-02-26 00:44:24,319 - WARNING - 🚨 링크 2180388101의 도로 정보 없음 (무시됨)
2025-02-26 00:44:24,319 - WARNING - 🚨 링크 2180388201의 도로 정보 없음 (무시됨)
2025-02-26 00:44:24,319 - WARNING - 🚨 링크 2180388301의 도로 정보 없음 (무시됨)
2025-02-26 00:44:24,319 - WARNING - 🚨 링크 2180388401의 도로 정보 없음 (무시됨)
2025-02-26 00:44:24,320 - WARNING - 🚨 링크 2180389601의 도로 정보 없음 (무시됨)
2025-02-26 00:44:24,320 - WARNING - 🚨 링크 2180389701의 도로 정보 없음 (무시됨)
2025-02-26 00:44:24,320 - WARNING - 🚨 링크 2180390001의 도로 정보 없음 (무시됨)
2025-02-26 00:44:24,320 - WARNING - 🚨 링크 2180390101의 도로 정보 없음 (무시됨)
2025-02-26 00:44:24,321 - WARNING - 🚨 링크 2180390201의 도로 정보 없음 (무시됨)
2025-02-26 00:44:24,321 - WARNING - 🚨 링크 2180390301의 도로 정보 없음 (무시됨)
2025-02-26 00:44:24,321 - WARNING - 🚨 링크 2180390401의 도로 정보 없음 (무시됨)
2025-02-26 00:44:24,321 - WARNING - 🚨 링크 2180390801의 도로 정보 없음 (무시됨)
2025-02-26 00:44:24,321 - WARNING - 🚨 링크 2180390901의 도로 정보 없음 (무시됨)
2025-02-26 00:44:24,325 - WARNING - 🚨 링크 2200000300의 도로 정보 없음 (무시됨)
2025-02-26 00:44:24,325 - WARNING - 🚨 링크 2200000400의 도로 정보 없음 (무시됨)
2025-02-26 00:44:24,326 - WARNING - 🚨 링크 2200000702의 도로 정보 없음 (무시됨)
2025-02-26 00:44:24,326 - WARNING - 🚨 링크 2200000802의 도로 정보 없음 (무시됨)
2025-02-26 00:44:24,326 - WARNING - 🚨 링크 2200007900의 도로 정보 없음 (무시됨)
2025-02-26 00:44:24,326 - WARNING - 🚨 링크 2200008000의 도로 정보 없음 (무시됨)
2025-02-26 00:44:24,327 - WARNING - 🚨 링크 2200008300의 도로 정보 없음 (무시됨)
2025-02-26 00:44:24,327 - WARNING - 🚨 링크 2200008400의 도로 정보 없음 (무시됨)
2025-02-26 00:44:24,327 - WARNING - 🚨 링크 2200009100의 도로 정보 없음 (무시됨)
2025-02-26 00:44:24,327 - WARNING - 🚨 링크 2200009200의 도로 정보 없음 (무시됨)
2025-02-26 00:44:24,327 - WARNING - 🚨 링크 2200009300의 도로 정보 없음 (무시됨)
2025-02-26 00:44:24,328 - WARNING - 🚨 링크 2200009400의 도로 정보 없음 (무시됨)
2025-02-26 00:44:24,328 - WARNING - 🚨 링크 2200009500의 도로 정보 없음 (무시됨)
2025-02-26 00:44:24,328 - WARNING - 🚨 링크 2200009600의 도로 정보 없음 (무시됨)
2025-02-26 00:44:24,328 - WARNING - 🚨 링크 2200009700의 도로 정보 없음 (무시됨)
2025-02-26 00:44:24,328 - WARNING - 🚨 링크 2200009800의 도로 정보 없음 (무시됨)
2025-02-26 00:44:24,328 - WARNING - 🚨 링크 2200010100의 도로 정보 없음 (무시됨)
2025-02-26 00:44:24,329 - WARNING - 🚨 링크 2200010200의 도로 정보 없음 (무시됨)
2025-02-26 00:44:24,329 - WARNING - 🚨 링크 2200010500의 도로 정보 없음 (무시됨)
2025-02-26 00:44:24,329 - WARNING - 🚨 링크 2200010600의 도로 정보 없음 (무시됨)
2025-02-26 00:44:24,329 - WARNING - 🚨 링크 2200010901의 도로 정보 없음 (무시됨)
2025-02-26 00:44:24,329 - WARNING - 🚨 링크 2200011002의 도로 정보 없음 (무시됨)
2025-02-26 00:44:24,333 - WARNING - 🚨 링크 2210114500의 도로 정보 없음 (무시됨)
2025-02-26 00:44:24,334 - WARNING - 🚨 링크 2219000300의 도로 정보 없음 (무시됨)
2025-02-26 00:44:24,334 - WARNING - 🚨 링크 2219000400의 도로 정보 없음 (무시됨)
2025-02-26 00:44:24,334 - WARNING - 🚨 링크 2219000600의 도로 정보 없음 (무시됨)
2025-02-26 00:44:24,335 - WARNING - 🚨 링크 2219000800의 도로 정보 없음 (무시됨)
2025-02-26 00:44:24,335 - WARNING - 🚨 링크 2219000900의 도로 정보 없음 (무시됨)
2025-02-26 00:44:24,337 - WARNING - 🚨 링크 2220032800의 도로 정보 없음 (무시됨)
2025-02-26 00:44:24,337 - WARNING - 🚨 링크 2220032900의 도로 정보 없음 (무시됨)
2025-02-26 00:44:24,337 - WARNING - 🚨 링크 2220033400의 도로 정보 없음 (무시됨)
2025-02-26 00:44:24,338 - WARNING - 🚨 링크 2220033500의 도로 정보 없음 (무시됨)
2025-02-26 00:44:24,338 - WARNING - 🚨 링크 2220035600의 도로 정보 없음 (무시됨)
2025-02-26 00:44:24,338 - WARNING - 🚨 링크 2220035700의 도로 정보 없음 (무시됨)
2025-02-26 00:44:24,338 - WARNING - 🚨 링크 2220037203의 도로 정보 없음 (무시됨)
2025-02-26 00:44:24,338 - WARNING - 🚨 링크 2220037303의 도로 정보 없음 (무시됨)
2025-02-26 00:44:24,340 - WARNING - 🚨 링크 2220078700의 도로 정보 없음 (무시됨)
2025-02-26 00:44:24,341 - WARNING - 🚨 링크 2220078800의 도로 정보 없음 (무시됨)
2025-02-26 00:44:24,343 - WARNING - 🚨 링크 2220178600의 도로 정보 없음 (무시됨)
2025-02-26 00:44:24,343 - WARNING - 🚨 링크 2220178700의 도로 정보 없음 (무시됨)
2025-02-26 00:44:24,343 - WARNING - 🚨 링크 2220182500의 도로 정보 없음 (무시됨)
2025-02-26 00:44:24,343 - WARNING - 🚨 링크 2220182600의 도로 정보 없음 (무시됨)
2025-02-26 00:44:24,344 - WARNING - 🚨 링크 2220182900의 도로 정보 없음 (무시됨)
2025-02-26 00:44:24,344 - WARNING - 🚨 링크 2220183000의 도로 정보 없음 (무시됨)
2025-02-26 00:44:24,345 - WARNING - 🚨 링크 2220216700의 도로 정보 없음 (무시됨)
2025-02-26 00:44:24,345 - WARNING - 🚨 링크 2220216800의 도로 정보 없음 (무시됨)
2025-02-26 00:44:24,345 - WARNING - 🚨 링크 2220216900의 도로 정보 없음 (무시됨)
2025-02-26 00:44:24,345 - WARNING - 🚨 링크 2220217000의 도로 정보 없음 (무시됨)
2025-02-26 00:44:24,434 - WARNING - 🚨 링크 2220250600의 도로 정보 없음 (무시됨)
2025-02-26 00:44:24,434 - WARNING - 🚨 링크 2220251100의 도로 정보 없음 (무시됨)
2025-02-26 00:44:24,435 - WARNING - 🚨 링크 2220251801의 도로 정보 없음 (무시됨)
2025-02-26 00:44:24,435 - WARNING - 🚨 링크 2220251802의 도로 정보 없음 (무시됨)
2025-02-26 00:44:24,435 - WARNING - 🚨 링크 2220251901의 도로 정보 없음 (무시됨)
2025-02-26 00:44:24,436 - WARNING - 🚨 링크 2220251902의 도로 정보 없음 (무시됨)
2025-02-26 00:44:24,436 - WARNING - 🚨 링크 2220256500의 도로 정보 없음 (무시됨)
2025-02-26 00:44:24,436 - WARNING - 🚨 링크 2220256600의 도로 정보 없음 (무시됨)
2025-02-26 00:44:24,436 - WARNING - 🚨 링크 2220257400의 도로 정보 없음 (무시됨)
2025-02-26 00:44:24,437 - WARNING - 🚨 링크 2220257500의 도로 정보 없음 (무시됨)
2025-02-26 00:44:24,437 - WARNING - 🚨 링크 2220257700의 도로 정보 없음 (무시됨)
2025-02-26 00:44:24,439 - WARNING - 🚨 링크 2220497400의 도로 정보 없음 (무시됨)
2025-02-26 00:44:24,439 - WARNING - 🚨 링크 2220497500의 도로 정보 없음 (무시됨)
2025-02-26 00:44:24,440 - WARNING - 🚨 링크 2220498501의 도로 정보 없음 (무시됨)
2025-02-26 00:44:24,440 - WARNING - 🚨 링크 2220498902의 도로 정보 없음 (무시됨)
2025-02-26 00:44:24,441 - WARNING - 🚨 링크 2220656900의 도로 정보 없음 (무시됨)
2025-02-26 00:44:24,441 - WARNING - 🚨 링크 2220657000의 도로 정보 없음 (무시됨)
2025-02-26 00:44:24,441 - WARNING - 🚨 링크 2220683900의 도로 정보 없음 (무시됨)
2025-02-26 00:44:24,442 - WARNING - 🚨 링크 2220684000의 도로 정보 없음 (무시됨)
2025-02-26 00:44:24,446 - WARNING - 🚨 링크 2270000701의 도로 정보 없음 (무시됨)
2025-02-26 00:44:24,447 - WARNING - 🚨 링크 2270000801의 도로 정보 없음 (무시됨)
2025-02-26 00:44:24,448 - WARNING - 🚨 링크 2270010400의 도로 정보 없음 (무시됨)
2025-02-26 00:44:24,448 - WARNING - 🚨 링크 2270010500의 도로 정보 없음 (무시됨)
2025-02-26 00:44:24,448 - WARNING - 🚨 링크 2270011203의 도로 정보 없음 (무시됨)
2025-02-26 00:44:24,449 - WARNING - 🚨 링크 2270011303의 도로 정보 없음 (무시됨)
2025-02-26 00:44:24,449 - WARNING - 🚨 링크 2270021705의 도로 정보 없음 (무시됨)
2025-02-26 00:44:24,450 - WARNING - 🚨 링크 2270021806의 도로 정보 없음 (무시됨)
2025-02-26 00:44:24,450 - WARNING - 🚨 링크 2270028000의 도로 정보 없음 (무시됨)
2025-02-26 00:44:24,450 - WARNING - 🚨 링크 2270028100의 도로 정보 없음 (무시됨)
2025-02-26 00:44:24,450 - WARNING - 🚨 링크 2270028200의 도로 정보 없음 (무시됨)
2025-02-26 00:44:24,452 - WARNING - 🚨 링크 2270063400의 도로 정보 없음 (무시됨)
2025-02-26 00:44:24,455 - WARNING - 🚨 링크 2279000100의 도로 정보 없음 (무시됨)
2025-02-26 00:44:24,455 - WARNING - 🚨 링크 2279000200의 도로 정보 없음 (무시됨)
2025-02-26 00:44:24,455 - WARNING - 🚨 링크 2279000300의 도로 정보 없음 (무시됨)
2025-02-26 00:44:24,456 - WARNING - 🚨 링크 2279000400의 도로 정보 없음 (무시됨)
2025-02-26 00:44:24,456 - WARNING - 🚨 링크 2279000500의 도로 정보 없음 (무시됨)
2025-02-26 00:44:24,456 - WARNING - 🚨 링크 2279000600의 도로 정보 없음 (무시됨)
2025-02-26 00:44:24,456 - WARNING - 🚨 링크 2279000700의 도로 정보 없음 (무시됨)
2025-02-26 00:44:24,456 - WARNING - 🚨 링크 2279000800의 도로 정보 없음 (무시됨)
2025-02-26 00:44:24,457 - WARNING - 🚨 링크 2279000900의 도로 정보 없음 (무시됨)
2025-02-26 00:44:24,457 - WARNING - 🚨 링크 2279001000의 도로 정보 없음 (무시됨)
2025-02-26 00:44:24,457 - WARNING - 🚨 링크 2279001100의 도로 정보 없음 (무시됨)
2025-02-26 00:44:24,457 - WARNING - 🚨 링크 2279001200의 도로 정보 없음 (무시됨)
2025-02-26 00:44:24,457 - WARNING - 🚨 링크 2279001300의 도로 정보 없음 (무시됨)
2025-02-26 00:44:24,458 - WARNING - 🚨 링크 2279001400의 도로 정보 없음 (무시됨)
2025-02-26 00:44:24,458 - WARNING - 🚨 링크 2279001500의 도로 정보 없음 (무시됨)
2025-02-26 00:44:24,458 - WARNING - 🚨 링크 2279001600의 도로 정보 없음 (무시됨)
2025-02-26 00:44:24,458 - WARNING - 🚨 링크 2279001800의 도로 정보 없음 (무시됨)
2025-02-26 00:44:24,458 - WARNING - 🚨 링크 2279002700의 도로 정보 없음 (무시됨)
2025-02-26 00:44:24,458 - WARNING - 🚨 링크 2279002900의 도로 정보 없음 (무시됨)
2025-02-26 00:44:24,459 - WARNING - 🚨 링크 2279003100의 도로 정보 없음 (무시됨)
2025-02-26 00:44:24,459 - WARNING - 🚨 링크 2279003500의 도로 정보 없음 (무시됨)
2025-02-26 00:44:24,459 - WARNING - 🚨 링크 2279003600의 도로 정보 없음 (무시됨)
2025-02-26 00:44:24,460 - WARNING - 🚨 링크 2279003800의 도로 정보 없음 (무시됨)
2025-02-26 00:44:24,460 - WARNING - 🚨 링크 2279004100의 도로 정보 없음 (무시됨)
2025-02-26 00:44:24,460 - WARNING - 🚨 링크 2279004300의 도로 정보 없음 (무시됨)
2025-02-26 00:44:24,461 - WARNING - 🚨 링크 2279005000의 도로 정보 없음 (무시됨)
2025-02-26 00:44:24,461 - WARNING - 🚨 링크 2279005100의 도로 정보 없음 (무시됨)
2025-02-26 00:44:24,461 - WARNING - 🚨 링크 2279006200의 도로 정보 없음 (무시됨)
2025-02-26 00:44:24,462 - WARNING - 🚨 링크 2279006300의 도로 정보 없음 (무시됨)
2025-02-26 00:44:24,462 - WARNING - 🚨 링크 2279006700의 도로 정보 없음 (무시됨)
2025-02-26 00:44:24,462 - WARNING - 🚨 링크 2279006800의 도로 정보 없음 (무시됨)
2025-02-26 00:44:24,462 - WARNING - 🚨 링크 2279007000의 도로 정보 없음 (무시됨)
2025-02-26 00:44:24,462 - WARNING - 🚨 링크 2279007100의 도로 정보 없음 (무시됨)
2025-02-26 00:44:24,462 - WARNING - 🚨 링크 2279007200의 도로 정보 없음 (무시됨)
2025-02-26 00:44:24,463 - WARNING - 🚨 링크 2279007300의 도로 정보 없음 (무시됨)
2025-02-26 00:44:24,463 - WARNING - 🚨 링크 2279007800의 도로 정보 없음 (무시됨)
2025-02-26 00:44:24,463 - WARNING - 🚨 링크 2279008300의 도로 정보 없음 (무시됨)
2025-02-26 00:44:24,463 - WARNING - 🚨 링크 2279008400의 도로 정보 없음 (무시됨)
2025-02-26 00:44:24,464 - WARNING - 🚨 링크 2320023400의 도로 정보 없음 (무시됨)
2025-02-26 00:44:24,464 - WARNING - 🚨 링크 2320067900의 도로 정보 없음 (무시됨)
2025-02-26 00:44:24,465 - WARNING - 🚨 링크 2320068000의 도로 정보 없음 (무시됨)
2025-02-26 00:44:24,465 - WARNING - 🚨 링크 2320073700의 도로 정보 없음 (무시됨)
2025-02-26 00:44:24,465 - WARNING - 🚨 링크 2320073800의 도로 정보 없음 (무시됨)
2025-02-26 00:44:24,465 - WARNING - 🚨 링크 2320074500의 도로 정보 없음 (무시됨)
2025-02-26 00:44:24,466 - WARNING - 🚨 링크 2320441800의 도로 정보 없음 (무시됨)
2025-02-26 00:44:24,466 - WARNING - 🚨 링크 2320441900의 도로 정보 없음 (무시됨)
2025-02-26 00:44:24,467 - WARNING - 🚨 링크 2320552400의 도로 정보 없음 (무시됨)
2025-02-26 00:44:24,467 - WARNING - 🚨 링크 2320552800의 도로 정보 없음 (무시됨)
2025-02-26 00:44:24,468 - WARNING - 🚨 링크 2340042900의 도로 정보 없음 (무시됨)
2025-02-26 00:44:24,469 - WARNING - 🚨 링크 2340043000의 도로 정보 없음 (무시됨)
2025-02-26 00:44:24,471 - WARNING - 🚨 링크 2349008100의 도로 정보 없음 (무시됨)
2025-02-26 00:44:24,471 - WARNING - 🚨 링크 2349008200의 도로 정보 없음 (무시됨)
2025-02-26 00:44:24,471 - WARNING - 🚨 링크 2349008300의 도로 정보 없음 (무시됨)
2025-02-26 00:44:24,471 - WARNING - 🚨 링크 2349008400의 도로 정보 없음 (무시됨)
2025-02-26 00:44:24,472 - WARNING - 🚨 링크 2349008500의 도로 정보 없음 (무시됨)
2025-02-26 00:44:24,472 - WARNING - 🚨 링크 2349008600의 도로 정보 없음 (무시됨)
2025-02-26 00:44:24,472 - WARNING - 🚨 링크 2349008700의 도로 정보 없음 (무시됨)
2025-02-26 00:44:24,472 - WARNING - 🚨 링크 2349008800의 도로 정보 없음 (무시됨)
2025-02-26 00:44:24,472 - WARNING - 🚨 링크 2349008900의 도로 정보 없음 (무시됨)
2025-02-26 00:44:24,473 - WARNING - 🚨 링크 2349009000의 도로 정보 없음 (무시됨)
2025-02-26 00:44:24,473 - WARNING - 🚨 링크 2350000101의 도로 정보 없음 (무시됨)
2025-02-26 00:44:24,473 - WARNING - 🚨 링크 2350000102의 도로 정보 없음 (무시됨)
2025-02-26 00:44:24,473 - WARNING - 🚨 링크 2350000201의 도로 정보 없음 (무시됨)
2025-02-26 00:44:24,473 - WARNING - 🚨 링크 2350000202의 도로 정보 없음 (무시됨)
2025-02-26 00:44:24,474 - WARNING - 🚨 링크 2410089400의 도로 정보 없음 (무시됨)
2025-02-26 00:44:24,475 - WARNING - 🚨 링크 2410089500의 도로 정보 없음 (무시됨)
2025-02-26 00:44:24,476 - WARNING - 🚨 링크 2410171500의 도로 정보 없음 (무시됨)
2025-02-26 00:44:24,476 - WARNING - 🚨 링크 2410171600의 도로 정보 없음 (무시됨)
2025-02-26 00:44:24,478 - WARNING - 🚨 링크 2410234200의 도로 정보 없음 (무시됨)
2025-02-26 00:44:24,479 - WARNING - 🚨 링크 2410234300의 도로 정보 없음 (무시됨)
2025-02-26 00:44:24,481 - WARNING - 🚨 링크 2420039201의 도로 정보 없음 (무시됨)
2025-02-26 00:44:24,481 - WARNING - 🚨 링크 2420039302의 도로 정보 없음 (무시됨)
2025-02-26 00:44:24,482 - WARNING - 🚨 링크 2420044600의 도로 정보 없음 (무시됨)
2025-02-26 00:44:24,482 - WARNING - 🚨 링크 2420044700의 도로 정보 없음 (무시됨)
2025-02-26 00:44:24,489 - INFO - ✅ 교통 데이터 변환 완료 (총 44602개 도로)
